[0;32mI (13) boot: ESP-IDF v5.3.2 2nd stage bootloader[0m
[0;32mI (13) boot: compile time Mar 12 2026 16:34:26[0m
[0;32mI (13) boot: Multicore bootloader[0m
[0;32mI (17) boot: chip revision: v3.0[0m
[0;32mI (20) boot.esp32: SPI Speed      : 40MHz[0m
[0;32mI (25) boot.esp32: SPI Mode       : DIO[0m
[0;32mI (30) boot.esp32: SPI Flash Size : 2MB[0m
[0;32mI (34) boot: Enabling RNG early entropy source...[0m
[0;32mI (40) boot: Partition Table:[0m
[0;32mI (43) boot: ## Label            Usage          Type ST Offset   Length[0m
[0;32mI (50) boot:  0 nvs              WiFi data        01 02 00009000 00006000[0m
[0;32mI (58) boot:  1 phy_init         RF data          01 01 0000f000 00001000[0m
[0;32mI (65) boot:  2 factory          factory app      00 00 00010000 00100000[0m
[0;32mI (73) boot: End of partition table[0m
[0;32mI (77) esp_image: segment 0: paddr=00010020 vaddr=3f400020 size=1ff30h (130864) map[0m
[0;32mI (130) esp_image: segment 1: paddr=0002ff58 vaddr=3ffb0000 size=000c0h (   192) load[0m
[0;32mI (131) esp_image: segment 2: paddr=00030020 vaddr=400d0020 size=65774h (415604) map[0m
[0;32mI (279) esp_image: segment 3: paddr=0009579c vaddr=3ffb00c0 size=0257ch (  9596) load[0m
[0;32mI (282) esp_image: segment 4: paddr=00097d20 vaddr=40080000 size=0eeb8h ( 61112) load[0m
[0;32mI (316) boot: Loaded app from partition at offset 0x10000[0m
[0;32mI (316) boot: Disabling RNG early entropy source...[0m
[0;32mI (328) cpu_start: Multicore app[0m
[0;32mI (336) cpu_start: Pro cpu start user code[0m
[0;32mI (337) cpu_start: cpu freq: 160000000 Hz[0m
[0;32mI (337) app_init: Application information:[0m
[0;32mI (339) app_init: Project name:     tern_m5paper_rust_host[0m
[0;32mI (346) app_init: App version:      v0.3.1-21-gf117044-dirty[0m
[0;32mI (352) app_init: Compile time:     Mar 12 2026 16:34:18[0m
[0;32mI (358) app_init: ELF file SHA256:  0d587f0f6...[0m
[0;32mI (363) app_init: ESP-IDF:          v5.3.2[0m
[0;32mI (368) efuse_init: Min chip rev:     v0.0[0m
[0;32mI (373) efuse_init: Max chip rev:     v3.99 [0m
[0;32mI (378) efuse_init: Chip rev:         v3.0[0m
[0;32mI (383) heap_init: Initializing. RAM available for dynamic allocation:[0m
[0;32mI (390) heap_init: At 3FFAE6E0 len 00001920 (6 KiB): DRAM[0m
[0;32mI (396) heap_init: At 3FFB3B48 len 0002C4B8 (177 KiB): DRAM[0m
[0;32mI (402) heap_init: At 3FFE0440 len 00003AE0 (14 KiB): D/IRAM[0m
[0;32mI (408) heap_init: At 3FFE4350 len 0001BCB0 (111 KiB): D/IRAM[0m
[0;32mI (415) heap_init: At 4008EEB8 len 00011148 (68 KiB): IRAM[0m
[0;32mI (423) spi_flash: detected chip: generic[0m
[0;32mI (426) spi_flash: flash io: dio[0m
[0;33mW (430) spi_flash: Detected size(16384k) larger than the size in the binary image header(2048k). Using the size in the binary image header.[0m
[0;33mW (443) i2c: This driver is an old driver, please migrate your application code to adapt `driver/i2c_master.h`[0m
[0;32mI (455) main_task: Started on CPU0[0m
[0;32mI (459) main_task: Calling app_main()[0m
m5paper-[0;32mI (13) boot: ESP-IDF v5.3.2 2nd stage bootloader[0m
[0;32mI (13) boot: compile time Mar 12 2026 16:34:26[0m
[0;32mI (13) boot: Multicore bootloader[0m
[0;32mI (16) boot: chip revision: v3.0[0m
[0;32mI (20) boot.esp32: SPI Speed      : 40MHz[0m
[0;32mI (25) boot.esp32: SPI Mode       : DIO[0m
[0;32mI (29) boot.esp32: SPI Flash Size : 2MB[0m
[0;33mW (34) boot.esp32: PRO CPU has been reset by WDT.[0m
[0;33mW (39) boot.esp32: WDT reset info: PRO CPU PC=0x4008ed9c[0m
[0;33mW (45) boot.esp32: WDT reset info: APP CPU PC=0x400d3b66[0m
[0;32mI (51) boot: Enabling RNG early entropy source...[0m
[0;32mI (57) boot: Partition Table:[0m
[0;32mI (60) boot: ## Label            Usage          Type ST Offset   Length[0m
[0;32mI (67) boot:  0 nvs              WiFi data        01 02 00009000 00006000[0m
[0;32mI (75) boot:  1 phy_init         RF data          01 01 0000f000 00001000[0m
[0;32mI (82) boot:  2 factory          factory app      00 00 00010000 00100000[0m
[0;32mI (90) boot: End of partition table[0m
[0;32mI (94) esp_image: segment 0: paddr=00010020 vaddr=3f400020 size=1ff30h (130864) map[0m
[0;32mI (147) esp_image: segment 1: paddr=0002ff58 vaddr=3ffb0000 size=000c0h (   192) load[0m
[0;32mI (148) esp_image: segment 2: paddr=00030020 vaddr=400d0020 size=65774h (415604) map[0m
[0;32mI (296) esp_image: segment 3: paddr=0009579c vaddr=3ffb00c0 size=0257ch (  9596) load[0m
[0;32mI (299) esp_image: segment 4: paddr=00097d20 vaddr=40080000 size=0eeb8h ( 61112) load[0m
[0;32mI (333) boot: Loaded app from partition at offset 0x10000[0m
[0;32mI (333) boot: Disabling RNG early entropy source...[0m
[0;32mI (345) cpu_start: Multicore app[0m
[0;32mI (354) cpu_start: Pro cpu start user code[0m
[0;32mI (354) cpu_start: cpu freq: 160000000 Hz[0m
[0;32mI (354) app_init: Application information:[0m
[0;32mI (357) app_init: Project name:     tern_m5paper_rust_host[0m
[0;32mI (363) app_init: App version:      v0.3.1-21-gf117044-dirty[0m
[0;32mI (369) app_init: Compile time:     Mar 12 2026 16:34:18[0m
[0;32mI (375) app_init: ELF file SHA256:  0d587f0f6...[0m
[0;32mI (380) app_init: ESP-IDF:          v5.3.2[0m
[0;32mI (385) efuse_init: Min chip rev:     v0.0[0m
[0;32mI (390) efuse_init: Max chip rev:     v3.99 [0m
[0;32mI (395) efuse_init: Chip rev:         v3.0[0m
[0;32mI (400) heap_init: Initializing. RAM available for dynamic allocation:[0m
[0;32mI (407) heap_init: At 3FFAE6E0 len 00001920 (6 KiB): DRAM[0m
[0;32mI (413) heap_init: At 3FFB3B48 len 0002C4B8 (177 KiB): DRAM[0m
[0;32mI (419) heap_init: At 3FFE0440 len 00003AE0 (14 KiB): D/IRAM[0m
[0;32mI (425) heap_init: At 3FFE4350 len 0001BCB0 (111 KiB): D/IRAM[0m
[0;32mI (432) heap_init: At 4008EEB8 len 00011148 (68 KiB): IRAM[0m
[0;32mI (440) spi_flash: detected chip: generic[0m
[0;32mI (443) spi_flash: flash io: dio[0m
[0;33mW (447) spi_flash: Detected size(16384k) larger than the size in the binary image header(2048k). Using the size in the binary image header.[0m
[0;33mW (460) i2c: This driver is an old driver, please migrate your application code to adapt `driver/i2c_master.h`[0m
[0;32mI (472) main_task: Started on CPU0[0m
[0;32mI (476) main_task: Calling app_main()[0m
m5paper-[0;32mI (13) boot: ESP-IDF v5.3.2 2nd stage bootloader[0m
[0;32mI (13) boot: compile time Mar 12 2026 16:34:26[0m
[0;32mI (13) boot: Multicore bootloader[0m
[0;32mI (16) boot: chip revision: v3.0[0m
[0;32mI (20) boot.esp32: SPI Speed      : 40MHz[0m
[0;32mI (25) boot.esp32: SPI Mode       : DIO[0m
[0;32mI (29) boot.esp32: SPI Flash Size : 2MB[0m
[0;33mW (34) boot.esp32: PRO CPU has been reset by WDT.[0m
[0;33mW (39) boot.esp32: WDT reset info: PRO CPU PC=0x4008ed9c[0m
[0;33mW (45) boot.esp32: WDT reset info: APP CPU PC=0x400d3b66[0m
[0;32mI (51) boot: Enabling RNG early entropy source...[0m
[0;32mI (57) boot: Partition Table:[0m
[0;32mI (60) boot: ## Label            Usage          Type ST Offset   Length[0m
[0;32mI (67) boot:  0 nvs              WiFi data        01 02 00009000 00006000[0m
[0;32mI (75) boot:  1 phy_init         RF data          01 01 0000f000 00001000[0m
[0;32mI (82) boot:  2 factory          factory app      00 00 00010000 00100000[0m
[0;32mI (90) boot: End of partition table[0m
[0;32mI (94) esp_image: segment 0: paddr=00010020 vaddr=3f400020 size=1ff30h (130864) map[0m
[0;32mI (147) esp_image: segment 1: paddr=0002ff58 vaddr=3ffb0000 size=000c0h (   192) load[0m
[0;32mI (148) esp_image: segment 2: paddr=00030020 vaddr=400d0020 size=65774h (415604) map[0m
[0;32mI (296) esp_image: segment 3: paddr=0009579c vaddr=3ffb00c0 size=0257ch (  9596) load[0m
[0;32mI (299) esp_image: segment 4: paddr=00097d20 vaddr=40080000 size=0eeb8h ( 61112) load[0m
[0;32mI (333) boot: Loaded app from partition at offset 0x10000[0m
[0;32mI (333) boot: Disabling RNG early entropy source...[0m
[0;32mI (345) cpu_start: Multicore app[0m
[0;32mI (354) cpu_start: Pro cpu start user code[0m
[0;32mI (354) cpu_start: cpu freq: 160000000 Hz[0m
[0;32mI (354) app_init: Application information:[0m
[0;32mI (357) app_init: Project name:     tern_m5paper_rust_host[0m
[0;32mI (363) app_init: App version:      v0.3.1-21-gf117044-dirty[0m
[0;32mI (369) app_init: Compile time:     Mar 12 2026 16:34:18[0m
[0;32mI (375) app_init: ELF file SHA256:  0d587f0f6...[0m
[0;32mI (380) app_init: ESP-IDF:          v5.3.2[0m
[0;32mI (385) efuse_init: Min chip rev:     v0.0[0m
[0;32mI (390) efuse_init: Max chip rev:     v3.99 [0m
[0;32mI (395) efuse_init: Chip rev:         v3.0[0m
[0;32mI (400) heap_init: Initializing. RAM available for dynamic allocation:[0m
[0;32mI (407) heap_init: At 3FFAE6E0 len 00001920 (6 KiB): DRAM[0m
[0;32mI (413) heap_init: At 3FFB3B48 len 0002C4B8 (177 KiB): DRAM[0m
[0;32mI (419) heap_init: At 3FFE0440 len 00003AE0 (14 KiB): D/IRAM[0m
[0;32mI (425) heap_init: At 3FFE4350 len 0001BCB0 (111 KiB): D/IRAM[0m
[0;32mI (432) heap_init: At 4008EEB8 len 00011148 (68 KiB): IRAM[0m
[0;32mI (440) spi_flash: detected chip: generic[0m
[0;32mI (443) spi_flash: flash io: dio[0m
[0;33mW (447) spi_flash: Detected size(16384k) larger than the size in the binary image header(2048k). Using the size in the binary image header.[0m
[0;33mW (460) i2c: This driver is an old driver, please migrate your application code to adapt `driver/i2c_master.h`[0m
[0;32mI (472) main_task: Started on CPU0[0m
[0;32mI (476) main_task: Calling app_main()[0m
m5paper-[0;32mI (13) boot: ESP-IDF v5.3.2 2nd stage bootloader[0m
[0;32mI (13) boot: compile time Mar 12 2026 16:34:26[0m
[0;32mI (13) boot: Multicore bootloader[0m
[0;32mI (16) boot: chip revision: v3.0[0m
[0;32mI (20) boot.esp32: SPI Speed      : 40MHz[0m
[0;32mI (25) boot.esp32: SPI Mode       : DIO[0m
[0;32mI (29) boot.esp32: SPI Flash Size : 2MB[0m
[0;33mW (34) boot.esp32: PRO CPU has been reset by WDT.[0m
[0;33mW (39) boot.esp32: WDT reset info: PRO CPU PC=0x4008ed9c[0m
[0;33mW (45) boot.esp32: WDT reset info: APP CPU PC=0x400d3b66[0m
[0;32mI (51) boot: Enabling RNG early entropy source...[0m
[0;32mI (57) boot: Partition Table:[0m
[0;32mI (60) boot: ## Label            Usage          Type ST Offset   Length[0m
[0;32mI (67) boot:  0 nvs              WiFi data        01 02 00009000 00006000[0m
[0;32mI (75) boot:  1 phy_init         RF data          01 01 0000f000 00001000[0m
[0;32mI (82) boot:  2 factory          factory app      00 00 00010000 00100000[0m
[0;32mI (90) boot: End of partition table[0m
[0;32mI (94) esp_image: segment 0: paddr=00010020 vaddr=3f400020 size=1ff30h (130864) map[0m
[0;32mI (147) esp_image: segment 1: paddr=0002ff58 vaddr=3ffb0000 size=000c0h (   192) load[0m
[0;32mI (148) esp_image: segment 2: paddr=00030020 vaddr=400d0020 size=65774h (415604) map[0m
[0;32mI (296) esp_image: segment 3: paddr=0009579c vaddr=3ffb00c0 size=0257ch (  9596) load[0m
[0;32mI (299) esp_image: segment 4: paddr=00097d20 vaddr=40080000 size=0eeb8h ( 61112) load[0m
[0;32mI (333) boot: Loaded app from partition at offset 0x10000[0m
[0;32mI (333) boot: Disabling RNG early entropy source...[0m
[0;32mI (345) cpu_start: Multicore app[0m
[0;32mI (354) cpu_start: Pro cpu start user code[0m
[0;32mI (354) cpu_start: cpu freq: 160000000 Hz[0m
[0;32mI (354) app_init: Application information:[0m
[0;32mI (357) app_init: Project name:     tern_m5paper_rust_host[0m
[0;32mI (363) app_init: App version:      v0.3.1-21-gf117044-dirty[0m
[0;32mI (369) app_init: Compile time:     Mar 12 2026 16:34:18[0m
[0;32mI (375) app_init: ELF file SHA256:  0d587f0f6...[0m
[0;32mI (380) app_init: ESP-IDF:          v5.3.2[0m
[0;32mI (385) efuse_init: Min chip rev:     v0.0[0m
[0;32mI (390) efuse_init: Max chip rev:     v3.99 [0m
[0;32mI (395) efuse_init: Chip rev:         v3.0[0m
[0;32mI (400) heap_init: Initializing. RAM available for dynamic allocation:[0m
[0;32mI (407) heap_init: At 3FFAE6E0 len 00001920 (6 KiB): DRAM[0m
[0;32mI (413) heap_init: At 3FFB3B48 len 0002C4B8 (177 KiB): DRAM[0m
[0;32mI (419) heap_init: At 3FFE0440 len 00003AE0 (14 KiB): D/IRAM[0m
[0;32mI (425) heap_init: At 3FFE4350 len 0001BCB0 (111 KiB): D/IRAM[0m
[0;32mI (432) heap_init: At 4008EEB8 len 00011148 (68 KiB): IRAM[0m
[0;32mI (440) spi_flash: detected chip: generic[0m
[0;32mI (443) spi_flash: flash io: dio[0m
[0;33mW (447) spi_flash: Detected size(16384k) larger than the size in the binary image header(2048k). Using the size in the binary image header.[0m
[0;33mW (460) i2c: This driver is an old driver, please migrate your application code to adapt `driver/i2c_master.h`[0m
[0;32mI (472) main_task: Started on CPU0[0m
[0;32mI (476) main_task: Calling app_main()[0m
m5paper-[0;32mI (13) boot: ESP-IDF v5.3.2 2nd stage bootloader[0m
[0;32mI (13) boot: compile time Mar 12 2026 16:34:26[0m
[0;32mI (13) boot: Multicore bootloader[0m
[0;32mI (16) boot: chip revision: v3.0[0m
[0;32mI (20) boot.esp32: SPI Speed      : 40MHz[0m
[0;32mI (25) boot.esp32: SPI Mode       : DIO[0m
[0;32mI (29) boot.esp32: SPI Flash Size : 2MB[0m
[0;33mW (34) boot.esp32: PRO CPU has been reset by WDT.[0m
[0;33mW (39) boot.esp32: WDT reset info: PRO CPU PC=0x4008ed9c[0m
[0;33mW (45) boot.esp32: WDT reset info: APP CPU PC=0x400d3b66[0m
[0;32mI (51) boot: Enabling RNG early entropy source...[0m
[0;32mI (57) boot: Partition Table:[0m
[0;32mI (60) boot: ## Label            Usage          Type ST Offset   Length[0m
[0;32mI (67) boot:  0 nvs              WiFi data        01 02 00009000 00006000[0m
[0;32mI (75) boot:  1 phy_init         RF data          01 01 0000f000 00001000[0m
[0;32mI (82) boot:  2 factory          factory app      00 00 00010000 00100000[0m
[0;32mI (90) boot: End of partition table[0m
[0;32mI (94) esp_image: segment 0: paddr=00010020 vaddr=3f400020 size=1ff30h (130864) map[0m
[0;32mI (147) esp_image: segment 1: paddr=0002ff58 vaddr=3ffb0000 size=000c0h (   192) load[0m
[0;32mI (148) esp_image: segment 2: paddr=00030020 vaddr=400d0020 size=65774h (415604) map[0m
[0;32mI (296) esp_image: segment 3: paddr=0009579c vaddr=3ffb00c0 size=0257ch (  9596) load[0m
[0;32mI (299) esp_image: segment 4: paddr=00097d20 vaddr=40080000 size=0eeb8h ( 61112) load[0m
[0;32mI (333) boot: Loaded app from partition at offset 0x10000[0m
[0;32mI (333) boot: Disabling RNG early entropy source...[0m
[0;32mI (345) cpu_start: Multicore app[0m
[0;32mI (354) cpu_start: Pro cpu start user code[0m
[0;32mI (354) cpu_start: cpu freq: 160000000 Hz[0m
[0;32mI (354) app_init: Application information:[0m
[0;32mI (357) app_init: Project name:     tern_m5paper_rust_host[0m
[0;32mI (363) app_init: App version:      v0.3.1-21-gf117044-dirty[0m
[0;32mI (369) app_init: Compile time:     Mar 12 2026 16:34:18[0m
[0;32mI (375) app_init: ELF file SHA256:  0d587f0f6...[0m
[0;32mI (380) app_init: ESP-IDF:          v5.3.2[0m
[0;32mI (385) efuse_init: Min chip rev:     v0.0[0m
[0;32mI (390) efuse_init: Max chip rev:     v3.99 [0m
[0;32mI (395) efuse_init: Chip rev:         v3.0[0m
[0;32mI (400) heap_init: Initializing. RAM available for dynamic allocation:[0m
[0;32mI (407) heap_init: At 3FFAE6E0 len 00001920 (6 KiB): DRAM[0m
[0;32mI (413) heap_init: At 3FFB3B48 len 0002C4B8 (177 KiB): DRAM[0m
[0;32mI (419) heap_init: At 3FFE0440 len 00003AE0 (14 KiB): D/IRAM[0m
[0;32mI (425) heap_init: At 3FFE4350 len 0001BCB0 (111 KiB): D/IRAM[0m
[0;32mI (432) heap_init: At 4008EEB8 len 00011148 (68 KiB): IRAM[0m
[0;32mI (440) spi_flash: detected chip: generic[0m
[0;32mI (443) spi_flash: flash io: dio[0m
[0;33mW (447) spi_flash: Detected size(16384k) larger than the size in the binary image header(2048k). Using the size in the binary image header.[0m
[0;33mW (460) i2c: This driver is an old driver, please migrate your application code to adapt `driver/i2c_master.h`[0m
[0;32mI (472) main_task: Started on CPU0[0m
[0;32mI (476) main_task: Calling app_main()[0m
m5paper-[0;32mI (13) boot: ESP-IDF v5.3.2 2nd stage bootloader[0m
[0;32mI (13) boot: compile time Mar 12 2026 16:34:26[0m
[0;32mI (13) boot: Multicore bootloader[0m
[0;32mI (16) boot: chip revision: v3.0[0m
[0;32mI (20) boot.esp32: SPI Speed      : 40MHz[0m
[0;32mI (25) boot.esp32: SPI Mode       : DIO[0m
[0;32mI (29) boot.esp32: SPI Flash Size : 2MB[0m
[0;33mW (34) boot.esp32: PRO CPU has been reset by WDT.[0m
[0;33mW (39) boot.esp32: WDT reset info: PRO CPU PC=0x4008ed9c[0m
[0;33mW (45) boot.esp32: WDT reset info: APP CPU PC=0x400d3b66[0m
[0;32mI (51) boot: Enabling RNG early entropy source...[0m
[0;32mI (57) boot: Partition Table:[0m
[0;32mI (60) boot: ## Label            Usage          Type ST Offset   Length[0m
[0;32mI (67) boot:  0 nvs              WiFi data        01 02 00009000 00006000[0m
[0;32mI (75) boot:  1 phy_init         RF data          01 01 0000f000 00001000[0m
[0;32mI (82) boot:  2 factory          factory app      00 00 00010000 00100000[0m
[0;32mI (90) boot: End of partition table[0m
[0;32mI (94) esp_image: segment 0: paddr=00010020 vaddr=3f400020 size=1ff30h (130864) map[0m
[0;32mI (147) esp_image: segment 1: paddr=0002ff58 vaddr=3ffb0000 size=000c0h (   192) load[0m
[0;32mI (148) esp_image: segment 2: paddr=00030020 vaddr=400d0020 size=65774h (415604) map[0m
[0;32mI (296) esp_image: segment 3: paddr=0009579c vaddr=3ffb00c0 size=0257ch (  9596) load[0m
[0;32mI (299) esp_image: segment 4: paddr=00097d20 vaddr=40080000 size=0eeb8h ( 61112) load[0m
[0;32mI (333) boot: Loaded app from partition at offset 0x10000[0m
[0;32mI (333) boot: Disabling RNG early entropy source...[0m
[0;32mI (345) cpu_start: Multicore app[0m
[0;32mI (354) cpu_start: Pro cpu start user code[0m
[0;32mI (354) cpu_start: cpu freq: 160000000 Hz[0m
[0;32mI (354) app_init: Application information:[0m
[0;32mI (357) app_init: Project name:     tern_m5paper_rust_host[0m
[0;32mI (363) app_init: App version:      v0.3.1-21-gf117044-dirty[0m
[0;32mI (369) app_init: Compile time:     Mar 12 2026 16:34:18[0m
[0;32mI (375) app_init: ELF file SHA256:  0d587f0f6...[0m
[0;32mI (380) app_init: ESP-IDF:          v5.3.2[0m
[0;32mI (385) efuse_init: Min chip rev:     v0.0[0m
[0;32mI (390) efuse_init: Max chip rev:     v3.99 [0m
[0;32mI (395) efuse_init: Chip rev:         v3.0[0m
[0;32mI (400) heap_init: Initializing. RAM available for dynamic allocation:[0m
[0;32mI (407) heap_init: At 3FFAE6E0 len 00001920 (6 KiB): DRAM[0m
[0;32mI (413) heap_init: At 3FFB3B48 len 0002C4B8 (177 KiB): DRAM[0m
[0;32mI (419) heap_init: At 3FFE0440 len 00003AE0 (14 KiB): D/IRAM[0m
[0;32mI (425) heap_init: At 3FFE4350 len 0001BCB0 (111 KiB): D/IRAM[0m
[0;32mI (432) heap_init: At 4008EEB8 len 00011148 (68 KiB): IRAM[0m
[0;32mI (440) spi_flash: detected chip: generic[0m
[0;32mI (443) spi_flash: flash io: dio[0m
[0;33mW (447) spi_flash: Detected size(16384k) larger than the size in the binary image header(2048k). Using the size in the binary image header.[0m
[0;33mW (460) i2c: This driver is an old driver, please migrate your application code to adapt `driver/i2c_master.h`[0m
[0;32mI (472) main_task: Started on CPU0[0m
[0;32mI (476) main_task: Calling app_main()[0m
m5paper-[0;32mI (13) boot: ESP-IDF v5.3.2 2nd stage bootloader[0m
[0;32mI (13) boot: compile time Mar 12 2026 16:34:26[0m
[0;32mI (13) boot: Multicore bootloader[0m
[0;32mI (16) boot: chip revision: v3.0[0m
[0;32mI (20) boot.esp32: SPI Speed      : 40MHz[0m
[0;32mI (25) boot.esp32: SPI Mode       : DIO[0m
[0;32mI (29) boot.esp32: SPI Flash Size : 2MB[0m
[0;33mW (34) boot.esp32: PRO CPU has been reset by WDT.[0m
[0;33mW (39) boot.esp32: WDT reset info: PRO CPU PC=0x4008ed9c[0m
[0;33mW (45) boot.esp32: WDT reset info: APP CPU PC=0x400d3b66[0m
[0;32mI (51) boot: Enabling RNG early entropy source...[0m
[0;32mI (57) boot: Partition Table:[0m
[0;32mI (60) boot: ## Label            Usage          Type ST Offset   Length[0m
[0;32mI (67) boot:  0 nvs              WiFi data        01 02 00009000 00006000[0m
[0;32mI (75) boot:  1 phy_init         RF data          01 01 0000f000 00001000[0m
[0;32mI (82) boot:  2 factory          factory app      00 00 00010000 00100000[0m
[0;32mI (90) boot: End of partition table[0m
[0;32mI (94) esp_image: segment 0: paddr=00010020 vaddr=3f400020 size=1ff30h (130864) map[0m
[0;32mI (147) esp_image: segment 1: paddr=0002ff58 vaddr=3ffb0000 size=000c0h (   192) load[0m
[0;32mI (148) esp_image: segment 2: paddr=00030020 vaddr=400d0020 size=65774h (415604) map[0m
[0;32mI (296) esp_image: segment 3: paddr=0009579c vaddr=3ffb00c0 size=0257ch (  9596) load[0m
[0;32mI (299) esp_image: segment 4: paddr=00097d20 vaddr=40080000 size=0eeb8h ( 61112) load[0m
[0;32mI (333) boot: Loaded app from partition at offset 0x10000[0m
[0;32mI (333) boot: Disabling RNG early entropy source...[0m
[0;32mI (345) cpu_start: Multicore app[0m
[0;32mI (354) cpu_start: Pro cpu start user code[0m
[0;32mI (354) cpu_start: cpu freq: 160000000 Hz[0m
[0;32mI (354) app_init: Application information:[0m
[0;32mI (357) app_init: Project name:     tern_m5paper_rust_host[0m
[0;32mI (363) app_init: App version:      v0.3.1-21-gf117044-dirty[0m
[0;32mI (369) app_init: Compile time:     Mar 12 2026 16:34:18[0m
[0;32mI (375) app_init: ELF file SHA256:  0d587f0f6...[0m
[0;32mI (380) app_init: ESP-IDF:          v5.3.2[0m
[0;32mI (385) efuse_init: Min chip rev:     v0.0[0m
[0;32mI (390) efuse_init: Max chip rev:     v3.99 [0m
[0;32mI (395) efuse_init: Chip rev:         v3.0[0m
[0;32mI (400) heap_init: Initializing. RAM available for dynamic allocation:[0m
[0;32mI (407) heap_init: At 3FFAE6E0 len 00001920 (6 KiB): DRAM[0m
[0;32mI (413) heap_init: At 3FFB3B48 len 0002C4B8 (177 KiB): DRAM[0m
[0;32mI (419) heap_init: At 3FFE0440 len 00003AE0 (14 KiB): D/IRAM[0m
[0;32mI (425) heap_init: At 3FFE4350 len 0001BCB0 (111 KiB): D/IRAM[0m
[0;32mI (432) heap_init: At 4008EEB8 len 00011148 (68 KiB): IRAM[0m
[0;32mI (440) spi_flash: detected chip: generic[0m
[0;32mI (443) spi_flash: flash io: dio[0m
[0;33mW (447) spi_flash: Detected size(16384k) larger than the size in the binary image header(2048k). Using the size in the binary image header.[0m
[0;33mW (460) i2c: This driver is an old driver, please migrate your application code to adapt `driver/i2c_master.h`[0m
[0;32mI (472) main_task: Started on CPU0[0m
[0;32mI (476) main_task: Calling app_main()[0m
m5paper-[0;32mI (13) boot: ESP-IDF v5.3.2 2nd stage bootloader[0m
[0;32mI (13) boot: compile time Mar 12 2026 16:34:26[0m
[0;32mI (13) boot: Multicore bootloader[0m
[0;32mI (16) boot: chip revision: v3.0[0m
[0;32mI (20) boot.esp32: SPI Speed      : 40MHz[0m
[0;32mI (25) boot.esp32: SPI Mode       : DIO[0m
[0;32mI (29) boot.esp32: SPI Flash Size : 2MB[0m
[0;33mW (34) boot.esp32: PRO CPU has been reset by WDT.[0m
[0;33mW (39) boot.esp32: WDT reset info: PRO CPU PC=0x4008ed9c[0m
[0;33mW (45) boot.esp32: WDT reset info: APP CPU PC=0x400d3b66[0m
[0;32mI (51) boot: Enabling RNG early entropy source...[0m
[0;32mI (57) boot: Partition Table:[0m
[0;32mI (60) boot: ## Label            Usage          Type ST Offset   Length[0m
[0;32mI (67) boot:  0 nvs              WiFi data        01 02 00009000 00006000[0m
[0;32mI (75) boot:  1 phy_init         RF data          01 01 0000f000 00001000[0m
[0;32mI (82) boot:  2 factory          factory app      00 00 00010000 00100000[0m
[0;32mI (90) boot: End of partition table[0m
[0;32mI (94) esp_image: segment 0: paddr=00010020 vaddr=3f400020 size=1ff30h (130864) map[0m
[0;32mI (147) esp_image: segment 1: paddr=0002ff58 vaddr=3ffb0000 size=000c0h (   192) load[0m
[0;32mI (148) esp_image: segment 2: paddr=00030020 vaddr=400d0020 size=65774h (415604) map[0m
[0;32mI (296) esp_image: segment 3: paddr=0009579c vaddr=3ffb00c0 size=0257ch (  9596) load[0m
[0;32mI (299) esp_image: segment 4: paddr=00097d20 vaddr=40080000 size=0eeb8h ( 61112) load[0m
[0;32mI (333) boot: Loaded app from partition at offset 0x10000[0m
[0;32mI (333) boot: Disabling RNG early entropy source...[0m
[0;32mI (345) cpu_start: Multicore app[0m
[0;32mI (354) cpu_start: Pro cpu start user code[0m
[0;32mI (354) cpu_start: cpu freq: 160000000 Hz[0m
[0;32mI (354) app_init: Application information:[0m
[0;32mI (357) app_init: Project name:     tern_m5paper_rust_host[0m
[0;32mI (363) app_init: App version:      v0.3.1-21-gf117044-dirty[0m
[0;32mI (369) app_init: Compile time:     Mar 12 2026 16:34:18[0m
[0;32mI (375) app_init: ELF file SHA256:  0d587f0f6...[0m
[0;32mI (380) app_init: ESP-IDF:          v5.3.2[0m
[0;32mI (385) efuse_init: Min chip rev:     v0.0[0m
[0;32mI (390) efuse_init: Max chip rev:     v3.99 [0m
[0;32mI (395) efuse_init: Chip rev:         v3.0[0m
[0;32mI (400) heap_init: Initializing. RAM available for dynamic allocation:[0m
[0;32mI (407) heap_init: At 3FFAE6E0 len 00001920 (6 KiB): DRAM[0m
[0;32mI (413) heap_init: At 3FFB3B48 len 0002C4B8 (177 KiB): DRAM[0m
[0;32mI (419) heap_init: At 3FFE0440 len 00003AE0 (14 KiB): D/IRAM[0m
[0;32mI (425) heap_init: At 3FFE4350 len 0001BCB0 (111 KiB): D/IRAM[0m
[0;32mI (432) heap_init: At 4008EEB8 len 00011148 (68 KiB): IRAM[0m
[0;32mI (440) spi_flash: detected chip: generic[0m
[0;32mI (443) spi_flash: flash io: dio[0m
[0;33mW (447) spi_flash: Detected size(16384k) larger than the size in the binary image header(2048k). Using the size in the binary image header.[0m
[0;33mW (460) i2c: This driver is an old driver, please migrate your application code to adapt `driver/i2c_master.h`[0m
[0;32mI (472) main_task: Started on CPU0[0m
[0;32mI (476) main_task: Calling app_main()[0m
m5paper-[0;32mI (13) boot: ESP-IDF v5.3.2 2nd stage bootloader[0m
[0;32mI (13) boot: compile time Mar 12 2026 16:34:26[0m
[0;32mI (13) boot: Multicore bootloader[0m
[0;32mI (16) boot: chip revision: v3.0[0m
[0;32mI (20) boot.esp32: SPI Speed      : 40MHz[0m
[0;32mI (25) boot.esp32: SPI Mode       : DIO[0m
[0;32mI (29) boot.esp32: SPI Flash Size : 2MB[0m
[0;33mW (34) boot.esp32: PRO CPU has been reset by WDT.[0m
[0;33mW (39) boot.esp32: WDT reset info: PRO CPU PC=0x4008ed9c[0m
[0;33mW (45) boot.esp32: WDT reset info: APP CPU PC=0x400d3b66[0m
[0;32mI (51) boot: Enabling RNG early entropy source...[0m
[0;32mI (57) boot: Partition Table:[0m
[0;32mI (60) boot: ## Label            Usage          Type ST Offset   Length[0m
[0;32mI (67) boot:  0 nvs              WiFi data        01 02 00009000 00006000[0m
[0;32mI (75) boot:  1 phy_init         RF data          01 01 0000f000 00001000[0m
[0;32mI (82) boot:  2 factory          factory app      00 00 00010000 00100000[0m
[0;32mI (90) boot: End of partition table[0m
[0;32mI (94) esp_image: segment 0: paddr=00010020 vaddr=3f400020 size=1ff30h (130864) map[0m
[0;32mI (147) esp_image: segment 1: paddr=0002ff58 vaddr=3ffb0000 size=000c0h (   192) load[0m
[0;32mI (148) esp_image: segment 2: paddr=00030020 vaddr=400d0020 size=65774h (415604) map[0m
[0;32mI (296) esp_image: segment 3: paddr=0009579c vaddr=3ffb00c0 size=0257ch (  9596) load[0m
[0;32mI (299) esp_image: segment 4: paddr=00097d20 vaddr=40080000 size=0eeb8h ( 61112) load[0m
[0;32mI (333) boot: Loaded app from partition at offset 0x10000[0m
[0;32mI (333) boot: Disabling RNG early entropy source...[0m
[0;32mI (345) cpu_start: Multicore app[0m
[0;32mI (354) cpu_start: Pro cpu start user code[0m
[0;32mI (354) cpu_start: cpu freq: 160000000 Hz[0m
[0;32mI (354) app_init: Application information:[0m
[0;32mI (357) app_init: Project name:     tern_m5paper_rust_host[0m
[0;32mI (363) app_init: App version:      v0.3.1-21-gf117044-dirty[0m
[0;32mI (369) app_init: Compile time:     Mar 12 2026 16:34:18[0m
[0;32mI (375) app_init: ELF file SHA256:  0d587f0f6...[0m
[0;32mI (380) app_init: ESP-IDF:          v5.3.2[0m
[0;32mI (385) efuse_init: Min chip rev:     v0.0[0m
[0;32mI (390) efuse_init: Max chip rev:     v3.99 [0m
[0;32mI (395) efuse_init: Chip rev:         v3.0[0m
[0;32mI (400) heap_init: Initializing. RAM available for dynamic allocation:[0m
[0;32mI (407) heap_init: At 3FFAE6E0 len 00001920 (6 KiB): DRAM[0m
[0;32mI (413) heap_init: At 3FFB3B48 len 0002C4B8 (177 KiB): DRAM[0m
[0;32mI (419) heap_init: At 3FFE0440 len 00003AE0 (14 KiB): D/IRAM[0m
[0;32mI (425) heap_init: At 3FFE4350 len 0001BCB0 (111 KiB): D/IRAM[0m
[0;32mI (432) heap_init: At 4008EEB8 len 00011148 (68 KiB): IRAM[0m
[0;32mI (440) spi_flash: detected chip: generic[0m
[0;32mI (443) spi_flash: flash io: dio[0m
[0;33mW (447) spi_flash: Detected size(16384k) larger than the size in the binary image header(2048k). Using the size in the binary image header.[0m
[0;33mW (460) i2c: This driver is an old driver, please migrate your application code to adapt `driver/i2c_master.h`[0m
[0;32mI (472) main_task: Started on CPU0[0m
[0;32mI (476) main_task: Calling app_main()[0m
m5paper-[0;32mI (13) boot: ESP-IDF v5.3.2 2nd stage bootloader[0m
[0;32mI (13) boot: compile time Mar 12 2026 16:34:26[0m
[0;32mI (13) boot: Multicore bootloader[0m
[0;32mI (16) boot: chip revision: v3.0[0m
[0;32mI (20) boot.esp32: SPI Speed      : 40MHz[0m
[0;32mI (25) boot.esp32: SPI Mode       : DIO[0m
[0;32mI (29) boot.esp32: SPI Flash Size : 2MB[0m
[0;33mW (34) boot.esp32: PRO CPU has been reset by WDT.[0m
[0;33mW (39) boot.esp32: WDT reset info: PRO CPU PC=0x4008ed9c[0m
[0;33mW (45) boot.esp32: WDT reset info: APP CPU PC=0x400d3b66[0m
[0;32mI (51) boot: Enabling RNG early entropy source...[0m
[0;32mI (57) boot: Partition Table:[0m
[0;32mI (60) boot: ## Label            Usage          Type ST Offset   Length[0m
[0;32mI (67) boot:  0 nvs              WiFi data        01 02 00009000 00006000[0m
[0;32mI (75) boot:  1 phy_init         RF data          01 01 0000f000 00001000[0m
[0;32mI (82) boot:  2 factory          factory app      00 00 00010000 00100000[0m
[0;32mI (90) boot: End of partition table[0m
[0;32mI (94) esp_image: segment 0: paddr=00010020 vaddr=3f400020 size=1ff30h (130864) map[0m
[0;32mI (147) esp_image: segment 1: paddr=0002ff58 vaddr=3ffb0000 size=000c0h (   192) load[0m
[0;32mI (148) esp_image: segment 2: paddr=00030020 vaddr=400d0020 size=65774h (415604) map[0m
[0;32mI (296) esp_image: segment 3: paddr=0009579c vaddr=3ffb00c0 size=0257ch (  9596) load[0m
[0;32mI (299) esp_image: segment 4: paddr=00097d20 vaddr=40080000 size=0eeb8h ( 61112) load[0m
[0;32mI (333) boot: Loaded app from partition at offset 0x10000[0m
[0;32mI (333) boot: Disabling RNG early entropy source...[0m
[0;32mI (345) cpu_start: Multicore app[0m
[0;32mI (354) cpu_start: Pro cpu start user code[0m
[0;32mI (354) cpu_start: cpu freq: 160000000 Hz[0m
[0;32mI (354) app_init: Application information:[0m
[0;32mI (357) app_init: Project name:     tern_m5paper_rust_host[0m
[0;32mI (363) app_init: App version:      v0.3.1-21-gf117044-dirty[0m
[0;32mI (369) app_init: Compile time:     Mar 12 2026 16:34:18[0m
[0;32mI (375) app_init: ELF file SHA256:  0d587f0f6...[0m
[0;32mI (380) app_init: ESP-IDF:          v5.3.2[0m
[0;32mI (385) efuse_init: Min chip rev:     v0.0[0m
[0;32mI (390) efuse_init: Max chip rev:     v3.99 [0m
[0;32mI (395) efuse_init: Chip rev:         v3.0[0m
[0;32mI (400) heap_init: Initializing. RAM available for dynamic allocation:[0m
[0;32mI (407) heap_init: At 3FFAE6E0 len 00001920 (6 KiB): DRAM[0m
[0;32mI (413) heap_init: At 3FFB3B48 len 0002C4B8 (177 KiB): DRAM[0m
[0;32mI (419) heap_init: At 3FFE0440 len 00003AE0 (14 KiB): D/IRAM[0m
[0;32mI (425) heap_init: At 3FFE4350 len 0001BCB0 (111 KiB): D/IRAM[0m
[0;32mI (432) heap_init: At 4008EEB8 len 00011148 (68 KiB): IRAM[0m
[0;32mI (440) spi_flash: detected chip: generic[0m
[0;32mI (443) spi_flash: flash io: dio[0m
[0;33mW (447) spi_flash: Detected size(16384k) larger than the size in the binary image header(2048k). Using the size in the binary image header.[0m
[0;33mW (460) i2c: This driver is an old driver, please migrate your application code to adapt `driver/i2c_master.h`[0m
[0;32mI (472) main_task: Started on CPU0[0m
[0;32mI (476) main_task: Calling app_main()[0m
m5paper-[0;32mI (13) boot: ESP-IDF v5.3.2 2nd stage bootloader[0m
[0;32mI (13) boot: compile time Mar 12 2026 16:34:26[0m
[0;32mI (13) boot: Multicore bootloader[0m
[0;32mI (16) boot: chip revision: v3.0[0m
[0;32mI (20) boot.esp32: SPI Speed      : 40MHz[0m
[0;32mI (25) boot.esp32: SPI Mode       : DIO[0m
[0;32mI (29) boot.esp32: SPI Flash Size : 2MB[0m
[0;33mW (34) boot.esp32: PRO CPU has been reset by WDT.[0m
[0;33mW (39) boot.esp32: WDT reset info: PRO CPU PC=0x4008ed9c[0m
[0;33mW (45) boot.esp32: WDT reset info: APP CPU PC=0x400d3b66[0m
[0;32mI (51) boot: Enabling RNG early entropy source...[0m
[0;32mI (57) boot: Partition Table:[0m
[0;32mI (60) boot: ## Label            Usage          Type ST Offset   Length[0m
[0;32mI (67) boot:  0 nvs              WiFi data        01 02 00009000 00006000[0m
[0;32mI (75) boot:  1 phy_init         RF data          01 01 0000f000 00001000[0m
[0;32mI (82) boot:  2 factory          factory app      00 00 00010000 00100000[0m
[0;32mI (90) boot: End of partition table[0m
[0;32mI (94) esp_image: segment 0: paddr=00010020 vaddr=3f400020 size=1ff30h (130864) map[0m
[0;32mI (147) esp_image: segment 1: paddr=0002ff58 vaddr=3ffb0000 size=000c0h (   192) load[0m
[0;32mI (148) esp_image: segment 2: paddr=00030020 vaddr=400d0020 size=65774h (415604) map[0m
[0;32mI (296) esp_image: segment 3: paddr=0009579c vaddr=3ffb00c0 size=0257ch (  9596) load[0m
[0;32mI (299) esp_image: segment 4: paddr=00097d20 vaddr=40080000 size=0eeb8h ( 61112) load[0m
[0;32mI (333) boot: Loaded app from partition at offset 0x10000[0m
[0;32mI (333) boot: Disabling RNG early entropy source...[0m
[0;32mI (345) cpu_start: Multicore app[0m
[0;32mI (354) cpu_start: Pro cpu start user code[0m
[0;32mI (354) cpu_start: cpu freq: 160000000 Hz[0m
[0;32mI (354) app_init: Application information:[0m
[0;32mI (357) app_init: Project name:     tern_m5paper_rust_host[0m
[0;32mI (363) app_init: App version:      v0.3.1-21-gf117044-dirty[0m
[0;32mI (369) app_init: Compile time:     Mar 12 2026 16:34:18[0m
[0;32mI (375) app_init: ELF file SHA256:  0d587f0f6...[0m
[0;32mI (380) app_init: ESP-IDF:          v5.3.2[0m
[0;32mI (385) efuse_init: Min chip rev:     v0.0[0m
[0;32mI (390) efuse_init: Max chip rev:     v3.99 [0m
[0;32mI (395) efuse_init: Chip rev:         v3.0[0m
[0;32mI (400) heap_init: Initializing. RAM available for dynamic allocation:[0m
[0;32mI (407) heap_init: At 3FFAE6E0 len 00001920 (6 KiB): DRAM[0m
[0;32mI (413) heap_init: At 3FFB3B48 len 0002C4B8 (177 KiB): DRAM[0m
[0;32mI (419) heap_init: At 3FFE0440 len 00003AE0 (14 KiB): D/IRAM[0m
[0;32mI (425) heap_init: At 3FFE4350 len 0001BCB0 (111 KiB): D/IRAM[0m
[0;32mI (432) heap_init: At 4008EEB8 len 00011148 (68 KiB): IRAM[0m
[0;32mI (440) spi_flash: detected chip: generic[0m
[0;32mI (443) spi_flash: flash io: dio[0m
[0;33mW (447) spi_flash: Detected size(16384k) larger than the size in the binary image header(2048k). Using the size in the binary image header.[0m
[0;33mW (460) i2c: This driver is an old driver, please migrate your application code to adapt `driver/i2c_master.h`[0m
[0;32mI (472) main_task: Started on CPU0[0m
[0;32mI (476) main_task: Calling app_main()[0m
m5paper-[0;32mI (13) boot: ESP-IDF v5.3.2 2nd stage bootloader[0m
[0;32mI (13) boot: compile time Mar 12 2026 16:34:26[0m
[0;32mI (13) boot: Multicore bootloader[0m
[0;32mI (16) boot: chip revision: v3.0[0m
[0;32mI (20) boot.esp32: SPI Speed      : 40MHz[0m
[0;32mI (25) boot.esp32: SPI Mode       : DIO[0m
[0;32mI (29) boot.esp32: SPI Flash Size : 2MB[0m
[0;33mW (34) boot.esp32: PRO CPU has been reset by WDT.[0m
[0;33mW (39) boot.esp32: WDT reset info: PRO CPU PC=0x4008ed9c[0m
[0;33mW (45) boot.esp32: WDT reset info: APP CPU PC=0x400d3b66[0m
[0;32mI (51) boot: Enabling RNG early entropy source...[0m
[0;32mI (57) boot: Partition Table:[0m
[0;32mI (60) boot: ## Label            Usage          Type ST Offset   Length[0m
[0;32mI (67) boot:  0 nvs              WiFi data        01 02 00009000 00006000[0m
[0;32mI (75) boot:  1 phy_init         RF data          01 01 0000f000 00001000[0m
[0;32mI (82) boot:  2 factory          factory app      00 00 00010000 00100000[0m
[0;32mI (90) boot: End of partition table[0m
[0;32mI (94) esp_image: segment 0: paddr=00010020 vaddr=3f400020 size=1ff30h (130864) map[0m
[0;32mI (147) esp_image: segment 1: paddr=0002ff58 vaddr=3ffb0000 size=000c0h (   192) load[0m
[0;32mI (148) esp_image: segment 2: paddr=00030020 vaddr=400d0020 size=65774h (415604) map[0m
[0;32mI (296) esp_image: segment 3: paddr=0009579c vaddr=3ffb00c0 size=0257ch (  9596) load[0m
[0;32mI (299) esp_image: segment 4: paddr=00097d20 vaddr=40080000 size=0eeb8h ( 61112) load[0m
[0;32mI (333) boot: Loaded app from partition at offset 0x10000[0m
[0;32mI (333) boot: Disabling RNG early entropy source...[0m
[0;32mI (345) cpu_start: Multicore app[0m
[0;32mI (354) cpu_start: Pro cpu start user code[0m
[0;32mI (354) cpu_start: cpu freq: 160000000 Hz[0m
[0;32mI (354) app_init: Application information:[0m
[0;32mI (357) app_init: Project name:     tern_m5paper_rust_host[0m
[0;32mI (363) app_init: App version:      v0.3.1-21-gf117044-dirty[0m
[0;32mI (369) app_init: Compile time:     Mar 12 2026 16:34:18[0m
[0;32mI (375) app_init: ELF file SHA256:  0d587f0f6...[0m
[0;32mI (380) app_init: ESP-IDF:          v5.3.2[0m
[0;32mI (385) efuse_init: Min chip rev:     v0.0[0m
[0;32mI (390) efuse_init: Max chip rev:     v3.99 [0m
[0;32mI (395) efuse_init: Chip rev:         v3.0[0m
[0;32mI (400) heap_init: Initializing. RAM available for dynamic allocation:[0m
[0;32mI (407) heap_init: At 3FFAE6E0 len 00001920 (6 KiB): DRAM[0m
[0;32mI (413) heap_init: At 3FFB3B48 len 0002C4B8 (177 KiB): DRAM[0m
[0;32mI (419) heap_init: At 3FFE0440 len 00003AE0 (14 KiB): D/IRAM[0m
[0;32mI (425) heap_init: At 3FFE4350 len 0001BCB0 (111 KiB): D/IRAM[0m
[0;32mI (432) heap_init: At 4008EEB8 len 00011148 (68 KiB): IRAM[0m
[0;32mI (440) spi_flash: detected chip: generic[0m
[0;32mI (443) spi_flash: flash io: dio[0m
[0;33mW (447) spi_flash: Detected size(16384k) larger than the size in the binary image header(2048k). Using the size in the binary image header.[0m
[0;33mW (460) i2c: This driver is an old driver, please migrate your application code to adapt `driver/i2c_master.h`[0m
[0;32mI (472) main_task: Started on CPU0[0m
[0;32mI (476) main_task: Calling app_main()[0m
m5paper-[0;32mI (13) boot: ESP-IDF v5.3.2 2nd stage bootloader[0m
[0;32mI (13) boot: compile time Mar 12 2026 16:34:26[0m
[0;32mI (13) boot: Multicore bootloader[0m
[0;32mI (16) boot: chip revision: v3.0[0m
[0;32mI (20) boot.esp32: SPI Speed      : 40MHz[0m
[0;32mI (25) boot.esp32: SPI Mode       : DIO[0m
[0;32mI (29) boot.esp32: SPI Flash Size : 2MB[0m
[0;33mW (34) boot.esp32: PRO CPU has been reset by WDT.[0m
[0;33mW (39) boot.esp32: WDT reset info: PRO CPU PC=0x4008ed9c[0m
[0;33mW (45) boot.esp32: WDT reset info: APP CPU PC=0x400d3b66[0m
[0;32mI (51) boot: Enabling RNG early entropy source...[0m
[0;32mI (57) boot: Partition Table:[0m
[0;32mI (60) boot: ## Label            Usage          Type ST Offset   Length[0m
[0;32mI (67) boot:  0 nvs              WiFi data        01 02 00009000 00006000[0m
[0;32mI (75) boot:  1 phy_init         RF data          01 01 0000f000 00001000[0m
[0;32mI (82) boot:  2 factory          factory app      00 00 00010000 00100000[0m
[0;32mI (90) boot: End of partition table[0m
[0;32mI (94) esp_image: segment 0: paddr=00010020 vaddr=3f400020 size=1ff30h (130864) map[0m
[0;32mI (147) esp_image: segment 1: paddr=0002ff58 vaddr=3ffb0000 size=000c0h (   192) load[0m
[0;32mI (148) esp_image: segment 2: paddr=00030020 vaddr=400d0020 size=65774h (415604) map[0m
[0;32mI (296) esp_image: segment 3: paddr=0009579c vaddr=3ffb00c0 size=0257ch (  9596) load[0m
[0;32mI (299) esp_image: segment 4: paddr=00097d20 vaddr=40080000 size=0eeb8h ( 61112) load[0m
[0;32mI (333) boot: Loaded app from partition at offset 0x10000[0m
[0;32mI (333) boot: Disabling RNG early entropy source...[0m
[0;32mI (345) cpu_start: Multicore app[0m
[0;32mI (354) cpu_start: Pro cpu start user code[0m
[0;32mI (354) cpu_start: cpu freq: 160000000 Hz[0m
[0;32mI (354) app_init: Application information:[0m
[0;32mI (357) app_init: Project name:     tern_m5paper_rust_host[0m
[0;32mI (363) app_init: App version:      v0.3.1-21-gf117044-dirty[0m
[0;32mI (369) app_init: Compile time:     Mar 12 2026 16:34:18[0m
[0;32mI (375) app_init: ELF file SHA256:  0d587f0f6...[0m
[0;32mI (380) app_init: ESP-IDF:          v5.3.2[0m
[0;32mI (385) efuse_init: Min chip rev:     v0.0[0m
[0;32mI (390) efuse_init: Max chip rev:     v3.99 [0m
[0;32mI (395) efuse_init: Chip rev:         v3.0[0m
[0;32mI (400) heap_init: Initializing. RAM available for dynamic allocation:[0m
[0;32mI (407) heap_init: At 3FFAE6E0 len 00001920 (6 KiB): DRAM[0m
[0;32mI (413) heap_init: At 3FFB3B48 len 0002C4B8 (177 KiB): DRAM[0m
[0;32mI (419) heap_init: At 3FFE0440 len 00003AE0 (14 KiB): D/IRAM[0m
[0;32mI (425) heap_init: At 3FFE4350 len 0001BCB0 (111 KiB): D/IRAM[0m
[0;32mI (432) heap_init: At 4008EEB8 len 00011148 (68 KiB): IRAM[0m
[0;32mI (440) spi_flash: detected chip: generic[0m
[0;32mI (443) spi_flash: flash io: dio[0m
[0;33mW (447) spi_flash: Detected size(16384k) larger than the size in the binary image header(2048k). Using the size in the binary image header.[0m
[0;33mW (460) i2c: This driver is an old driver, please migrate your application code to adapt `driver/i2c_master.h`[0m
[0;32mI (472) main_task: Started on CPU0[0m
[0;32mI (476) main_task: Calling app_main()[0m
m5paper-[0;32mI (13) boot: ESP-IDF v5.3.2 2nd stage bootloader[0m
[0;32mI (13) boot: compile time Mar 12 2026 16:34:26[0m
[0;32mI (13) boot: Multicore bootloader[0m
[0;32mI (16) boot: chip revision: v3.0[0m
[0;32mI (20) boot.esp32: SPI Speed      : 40MHz[0m
[0;32mI (25) boot.esp32: SPI Mode       : DIO[0m
[0;32mI (29) boot.esp32: SPI Flash Size : 2MB[0m
[0;33mW (34) boot.esp32: PRO CPU has been reset by WDT.[0m
[0;33mW (39) boot.esp32: WDT reset info: PRO CPU PC=0x4008ed9c[0m
[0;33mW (45) boot.esp32: WDT reset info: APP CPU PC=0x400d3b66[0m
[0;32mI (51) boot: Enabling RNG early entropy source...[0m
[0;32mI (57) boot: Partition Table:[0m
[0;32mI (60) boot: ## Label            Usage          Type ST Offset   Length[0m
[0;32mI (67) boot:  0 nvs              WiFi data        01 02 00009000 00006000[0m
[0;32mI (75) boot:  1 phy_init         RF data          01 01 0000f000 00001000[0m
[0;32mI (82) boot:  2 factory          factory app      00 00 00010000 00100000[0m
[0;32mI (90) boot: End of partition table[0m
[0;32mI (94) esp_image: segment 0: paddr=00010020 vaddr=3f400020 size=1ff30h (130864) map[0m
[0;32mI (147) esp_image: segment 1: paddr=0002ff58 vaddr=3ffb0000 size=000c0h (   192) load[0m
[0;32mI (148) esp_image: segment 2: paddr=00030020 vaddr=400d0020 size=65774h (415604) map[0m
[0;32mI (296) esp_image: segment 3: paddr=0009579c vaddr=3ffb00c0 size=0257ch (  9596) load[0m
[0;32mI (299) esp_image: segment 4: paddr=00097d20 vaddr=40080000 size=0eeb8h ( 61112) load[0m
[0;32mI (333) boot: Loaded app from partition at offset 0x10000[0m
[0;32mI (333) boot: Disabling RNG early entropy source...[0m
[0;32mI (345) cpu_start: Multicore app[0m
[0;32mI (354) cpu_start: Pro cpu start user code[0m
[0;32mI (354) cpu_start: cpu freq: 160000000 Hz[0m
[0;32mI (354) app_init: Application information:[0m
[0;32mI (357) app_init: Project name:     tern_m5paper_rust_host[0m
[0;32mI (363) app_init: App version:      v0.3.1-21-gf117044-dirty[0m
[0;32mI (369) app_init: Compile time:     Mar 12 2026 16:34:18[0m
[0;32mI (375) app_init: ELF file SHA256:  0d587f0f6...[0m
[0;32mI (380) app_init: ESP-IDF:          v5.3.2[0m
[0;32mI (385) efuse_init: Min chip rev:     v0.0[0m
[0;32mI (390) efuse_init: Max chip rev:     v3.99 [0m
[0;32mI (395) efuse_init: Chip rev:         v3.0[0m
[0;32mI (400) heap_init: Initializing. RAM available for dynamic allocation:[0m
[0;32mI (407) heap_init: At 3FFAE6E0 len 00001920 (6 KiB): DRAM[0m
[0;32mI (413) heap_init: At 3FFB3B48 len 0002C4B8 (177 KiB): DRAM[0m
[0;32mI (419) heap_init: At 3FFE0440 len 00003AE0 (14 KiB): D/IRAM[0m
[0;32mI (425) heap_init: At 3FFE4350 len 0001BCB0 (111 KiB): D/IRAM[0m
[0;32mI (432) heap_init: At 4008EEB8 len 00011148 (68 KiB): IRAM[0m
[0;32mI (440) spi_flash: detected chip: generic[0m
[0;32mI (443) spi_flash: flash io: dio[0m
[0;33mW (447) spi_flash: Detected size(16384k) larger than the size in the binary image header(2048k). Using the size in the binary image header.[0m
[0;33mW (460) i2c: This driver is an old driver, please migrate your application code to adapt `driver/i2c_master.h`[0m
[0;32mI (472) main_task: Started on CPU0[0m
[0;32mI (476) main_task: Calling app_main()[0m
m5paper-[0;32mI (13) boot: ESP-IDF v5.3.2 2nd stage bootloader[0m
[0;32mI (13) boot: compile time Mar 12 2026 16:34:26[0m
[0;32mI (13) boot: Multicore bootloader[0m
[0;32mI (16) boot: chip revision: v3.0[0m
[0;32mI (20) boot.esp32: SPI Speed      : 40MHz[0m
[0;32mI (25) boot.esp32: SPI Mode       : DIO[0m
[0;32mI (29) boot.esp32: SPI Flash Size : 2MB[0m
[0;33mW (34) boot.esp32: PRO CPU has been reset by WDT.[0m
[0;33mW (39) boot.esp32: WDT reset info: PRO CPU PC=0x4008ed9c[0m
[0;33mW (45) boot.esp32: WDT reset info: APP CPU PC=0x400d3b66[0m
[0;32mI (51) boot: Enabling RNG early entropy source...[0m
[0;32mI (57) boot: Partition Table:[0m
[0;32mI (60) boot: ## Label            Usage          Type ST Offset   Length[0m
[0;32mI (67) boot:  0 nvs              WiFi data        01 02 00009000 00006000[0m
[0;32mI (75) boot:  1 phy_init         RF data          01 01 0000f000 00001000[0m
[0;32mI (82) boot:  2 factory          factory app      00 00 00010000 00100000[0m
[0;32mI (90) boot: End of partition table[0m
[0;32mI (94) esp_image: segment 0: paddr=00010020 vaddr=3f400020 size=1ff30h (130864) map[0m
[0;32mI (147) esp_image: segment 1: paddr=0002ff58 vaddr=3ffb0000 size=000c0h (   192) load[0m
[0;32mI (148) esp_image: segment 2: paddr=00030020 vaddr=400d0020 size=65774h (415604) map[0m
[0;32mI (296) esp_image: segment 3: paddr=0009579c vaddr=3ffb00c0 size=0257ch (  9596) load[0m
[0;32mI (299) esp_image: segment 4: paddr=00097d20 vaddr=40080000 size=0eeb8h ( 61112) load[0m
[0;32mI (333) boot: Loaded app from partition at offset 0x10000[0m
[0;32mI (333) boot: Disabling RNG early entropy source...[0m
[0;32mI (345) cpu_start: Multicore app[0m
[0;32mI (354) cpu_start: Pro cpu start user code[0m
[0;32mI (354) cpu_start: cpu freq: 160000000 Hz[0m
[0;32mI (354) app_init: Application information:[0m
[0;32mI (357) app_init: Project name:     tern_m5paper_rust_host[0m
[0;32mI (363) app_init: App version:      v0.3.1-21-gf117044-dirty[0m
[0;32mI (369) app_init: Compile time:     Mar 12 2026 16:34:18[0m
[0;32mI (375) app_init: ELF file SHA256:  0d587f0f6...[0m
[0;32mI (380) app_init: ESP-IDF:          v5.3.2[0m
[0;32mI (385) efuse_init: Min chip rev:     v0.0[0m
[0;32mI (390) efuse_init: Max chip rev:     v3.99 [0m
[0;32mI (395) efuse_init: Chip rev:         v3.0[0m
[0;32mI (400) heap_init: Initializing. RAM available for dynamic allocation:[0m
[0;32mI (407) heap_init: At 3FFAE6E0 len 00001920 (6 KiB): DRAM[0m
[0;32mI (413) heap_init: At 3FFB3B48 len 0002C4B8 (177 KiB): DRAM[0m
[0;32mI (419) heap_init: At 3FFE0440 len 00003AE0 (14 KiB): D/IRAM[0m
[0;32mI (425) heap_init: At 3FFE4350 len 0001BCB0 (111 KiB): D/IRAM[0m
[0;32mI (432) heap_init: At 4008EEB8 len 00011148 (68 KiB): IRAM[0m
[0;32mI (440) spi_flash: detected chip: generic[0m
[0;32mI (443) spi_flash: flash io: dio[0m
[0;33mW (447) spi_flash: Detected size(16384k) larger than the size in the binary image header(2048k). Using the size in the binary image header.[0m
[0;33mW (460) i2c: This driver is an old driver, please migrate your application code to adapt `driver/i2c_master.h`[0m
[0;32mI (472) main_task: Started on CPU0[0m
[0;32mI (476) main_task: Calling app_main()[0m
m5paper-[0;32mI (13) boot: ESP-IDF v5.3.2 2nd stage bootloader[0m
[0;32mI (13) boot: compile time Mar 12 2026 16:34:26[0m
[0;32mI (13) boot: Multicore bootloader[0m
[0;32mI (16) boot: chip revision: v3.0[0m
[0;32mI (20) boot.esp32: SPI Speed      : 40MHz[0m
[0;32mI (25) boot.esp32: SPI Mode       : DIO[0m
[0;32mI (29) boot.esp32: SPI Flash Size : 2MB[0m
[0;33mW (34) boot.esp32: PRO CPU has been reset by WDT.[0m
[0;33mW (39) boot.esp32: WDT reset info: PRO CPU PC=0x4008ed9c[0m
[0;33mW (45) boot.esp32: WDT reset info: APP CPU PC=0x400d3b66[0m
[0;32mI (51) boot: Enabling RNG early entropy source...[0m
[0;32mI (57) boot: Partition Table:[0m
[0;32mI (60) boot: ## Label            Usage          Type ST Offset   Length[0m
[0;32mI (67) boot:  0 nvs              WiFi data        01 02 00009000 00006000[0m
[0;32mI (75) boot:  1 phy_init         RF data          01 01 0000f000 00001000[0m
[0;32mI (82) boot:  2 factory          factory app      00 00 00010000 00100000[0m
[0;32mI (90) boot: End of partition table[0m
[0;32mI (94) esp_image: segment 0: paddr=00010020 vaddr=3f400020 size=1ff30h (130864) map[0m
[0;32mI (147) esp_image: segment 1: paddr=0002ff58 vaddr=3ffb0000 size=000c0h (   192) load[0m
[0;32mI (148) esp_image: segment 2: paddr=00030020 vaddr=400d0020 size=65774h (415604) map[0m
[0;32mI (296) esp_image: segment 3: paddr=0009579c vaddr=3ffb00c0 size=0257ch (  9596) load[0m
[0;32mI (299) esp_image: segment 4: paddr=00097d20 vaddr=40080000 size=0eeb8h ( 61112) load[0m
[0;32mI (333) boot: Loaded app from partition at offset 0x10000[0m
[0;32mI (333) boot: Disabling RNG early entropy source...[0m
[0;32mI (345) cpu_start: Multicore app[0m
[0;32mI (354) cpu_start: Pro cpu start user code[0m
[0;32mI (354) cpu_start: cpu freq: 160000000 Hz[0m
[0;32mI (354) app_init: Application information:[0m
[0;32mI (357) app_init: Project name:     tern_m5paper_rust_host[0m
[0;32mI (363) app_init: App version:      v0.3.1-21-gf117044-dirty[0m
[0;32mI (369) app_init: Compile time:     Mar 12 2026 16:34:18[0m
[0;32mI (375) app_init: ELF file SHA256:  0d587f0f6...[0m
[0;32mI (380) app_init: ESP-IDF:          v5.3.2[0m
[0;32mI (385) efuse_init: Min chip rev:     v0.0[0m
[0;32mI (390) efuse_init: Max chip rev:     v3.99 [0m
[0;32mI (395) efuse_init: Chip rev:         v3.0[0m
[0;32mI (400) heap_init: Initializing. RAM available for dynamic allocation:[0m
[0;32mI (407) heap_init: At 3FFAE6E0 len 00001920 (6 KiB): DRAM[0m
[0;32mI (413) heap_init: At 3FFB3B48 len 0002C4B8 (177 KiB): DRAM[0m
[0;32mI (419) heap_init: At 3FFE0440 len 00003AE0 (14 KiB): D/IRAM[0m
[0;32mI (425) heap_init: At 3FFE4350 len 0001BCB0 (111 KiB): D/IRAM[0m
[0;32mI (432) heap_init: At 4008EEB8 len 00011148 (68 KiB): IRAM[0m
[0;32mI (440) spi_flash: detected chip: generic[0m
[0;32mI (443) spi_flash: flash io: dio[0m
[0;33mW (447) spi_flash: Detected size(16384k) larger than the size in the binary image header(2048k). Using the size in the binary image header.[0m
[0;33mW (460) i2c: This driver is an old driver, please migrate your application code to adapt `driver/i2c_master.h`[0m
[0;32mI (472) main_task: Started on CPU0[0m
[0;32mI (476) main_task: Calling app_main()[0m
m5paper-[0;32mI (13) boot: ESP-IDF v5.3.2 2nd stage bootloader[0m
[0;32mI (13) boot: compile time Mar 12 2026 16:34:26[0m
[0;32mI (13) boot: Multicore bootloader[0m
[0;32mI (16) boot: chip revision: v3.0[0m
[0;32mI (20) boot.esp32: SPI Speed      : 40MHz[0m
[0;32mI (25) boot.esp32: SPI Mode       : DIO[0m
[0;32mI (29) boot.esp32: SPI Flash Size : 2MB[0m
[0;33mW (34) boot.esp32: PRO CPU has been reset by WDT.[0m
[0;33mW (39) boot.esp32: WDT reset info: PRO CPU PC=0x4008ed9c[0m
[0;33mW (45) boot.esp32: WDT reset info: APP CPU PC=0x400d3b66[0m
[0;32mI (51) boot: Enabling RNG early entropy source...[0m
[0;32mI (57) boot: Partition Table:[0m
[0;32mI (60) boot: ## Label            Usage          Type ST Offset   Length[0m
[0;32mI (67) boot:  0 nvs              WiFi data        01 02 00009000 00006000[0m
[0;32mI (75) boot:  1 phy_init         RF data          01 01 0000f000 00001000[0m
[0;32mI (82) boot:  2 factory          factory app      00 00 00010000 00100000[0m
[0;32mI (90) boot: End of partition table[0m
[0;32mI (94) esp_image: segment 0: paddr=00010020 vaddr=3f400020 size=1ff30h (130864) map[0m
[0;32mI (147) esp_image: segment 1: paddr=0002ff58 vaddr=3ffb0000 size=000c0h (   192) load[0m
[0;32mI (148) esp_image: segment 2: paddr=00030020 vaddr=400d0020 size=65774h (415604) map[0m
[0;32mI (296) esp_image: segment 3: paddr=0009579c vaddr=3ffb00c0 size=0257ch (  9596) load[0m
[0;32mI (299) esp_image: segment 4: paddr=00097d20 vaddr=40080000 size=0eeb8h ( 61112) load[0m
[0;32mI (333) boot: Loaded app from partition at offset 0x10000[0m
[0;32mI (333) boot: Disabling RNG early entropy source...[0m
[0;32mI (345) cpu_start: Multicore app[0m
[0;32mI (354) cpu_start: Pro cpu start user code[0m
[0;32mI (354) cpu_start: cpu freq: 160000000 Hz[0m
[0;32mI (354) app_init: Application information:[0m
[0;32mI (357) app_init: Project name:     tern_m5paper_rust_host[0m
[0;32mI (363) app_init: App version:      v0.3.1-21-gf117044-dirty[0m
[0;32mI (369) app_init: Compile time:     Mar 12 2026 16:34:18[0m
[0;32mI (375) app_init: ELF file SHA256:  0d587f0f6...[0m
[0;32mI (380) app_init: ESP-IDF:          v5.3.2[0m
[0;32mI (385) efuse_init: Min chip rev:     v0.0[0m
[0;32mI (390) efuse_init: Max chip rev:     v3.99 [0m
[0;32mI (395) efuse_init: Chip rev:         v3.0[0m
[0;32mI (400) heap_init: Initializing. RAM available for dynamic allocation:[0m
[0;32mI (407) heap_init: At 3FFAE6E0 len 00001920 (6 KiB): DRAM[0m
[0;32mI (413) heap_init: At 3FFB3B48 len 0002C4B8 (177 KiB): DRAM[0m
[0;32mI (419) heap_init: At 3FFE0440 len 00003AE0 (14 KiB): D/IRAM[0m
[0;32mI (425) heap_init: At 3FFE4350 len 0001BCB0 (111 KiB): D/IRAM[0m
[0;32mI (432) heap_init: At 4008EEB8 len 00011148 (68 KiB): IRAM[0m
[0;32mI (440) spi_flash: detected chip: generic[0m
[0;32mI (443) spi_flash: flash io: dio[0m
[0;33mW (447) spi_flash: Detected size(16384k) larger than the size in the binary image header(2048k). Using the size in the binary image header.[0m
[0;33mW (460) i2c: This driver is an old driver, please migrate your application code to adapt `driver/i2c_master.h`[0m
[0;32mI (472) main_task: Started on CPU0[0m
[0;32mI (476) main_task: Calling app_main()[0m
m5paper-[0;32mI (13) boot: ESP-IDF v5.3.2 2nd stage bootloader[0m
[0;32mI (13) boot: compile time Mar 12 2026 16:34:26[0m
[0;32mI (13) boot: Multicore bootloader[0m
[0;32mI (16) boot: chip revision: v3.0[0m
[0;32mI (20) boot.esp32: SPI Speed      : 40MHz[0m
[0;32mI (25) boot.esp32: SPI Mode       : DIO[0m
[0;32mI (29) boot.esp32: SPI Flash Size : 2MB[0m
[0;33mW (34) boot.esp32: PRO CPU has been reset by WDT.[0m
[0;33mW (39) boot.esp32: WDT reset info: PRO CPU PC=0x4008ed9c[0m
[0;33mW (45) boot.esp32: WDT reset info: APP CPU PC=0x400d3b66[0m
[0;32mI (51) boot: Enabling RNG early entropy source...[0m
[0;32mI (57) boot: Partition Table:[0m
[0;32mI (60) boot: ## Label            Usage          Type ST Offset   Length[0m
[0;32mI (67) boot:  0 nvs              WiFi data        01 02 00009000 00006000[0m
[0;32mI (75) boot:  1 phy_init         RF data          01 01 0000f000 00001000[0m
[0;32mI (82) boot:  2 factory          factory app      00 00 00010000 00100000[0m
[0;32mI (90) boot: End of partition table[0m
[0;32mI (94) esp_image: segment 0: paddr=00010020 vaddr=3f400020 size=1ff30h (130864) map[0m
[0;32mI (147) esp_image: segment 1: paddr=0002ff58 vaddr=3ffb0000 size=000c0h (   192) load[0m
[0;32mI (148) esp_image: segment 2: paddr=00030020 vaddr=400d0020 size=65774h (415604) map[0m
[0;32mI (296) esp_image: segment 3: paddr=0009579c vaddr=3ffb00c0 size=0257ch (  9596) load[0m
[0;32mI (299) esp_image: segment 4: paddr=00097d20 vaddr=40080000 size=0eeb8h ( 61112) load[0m
[0;32mI (333) boot: Loaded app from partition at offset 0x10000[0m
[0;32mI (333) boot: Disabling RNG early entropy source...[0m
[0;32mI (345) cpu_start: Multicore app[0m
[0;32mI (354) cpu_start: Pro cpu start user code[0m
[0;32mI (354) cpu_start: cpu freq: 160000000 Hz[0m
[0;32mI (354) app_init: Application information:[0m
[0;32mI (357) app_init: Project name:     tern_m5paper_rust_host[0m
[0;32mI (363) app_init: App version:      v0.3.1-21-gf117044-dirty[0m
[0;32mI (369) app_init: Compile time:     Mar 12 2026 16:34:18[0m
[0;32mI (375) app_init: ELF file SHA256:  0d587f0f6...[0m
[0;32mI (380) app_init: ESP-IDF:          v5.3.2[0m
[0;32mI (385) efuse_init: Min chip rev:     v0.0[0m
[0;32mI (390) efuse_init: Max chip rev:     v3.99 [0m
[0;32mI (395) efuse_init: Chip rev:         v3.0[0m
[0;32mI (400) heap_init: Initializing. RAM available for dynamic allocation:[0m
[0;32mI (407) heap_init: At 3FFAE6E0 len 00001920 (6 KiB): DRAM[0m
[0;32mI (413) heap_init: At 3FFB3B48 len 0002C4B8 (177 KiB): DRAM[0m
[0;32mI (419) heap_init: At 3FFE0440 len 00003AE0 (14 KiB): D/IRAM[0m
[0;32mI (425) heap_init: At 3FFE4350 len 0001BCB0 (111 KiB): D/IRAM[0m
[0;32mI (432) heap_init: At 4008EEB8 len 00011148 (68 KiB): IRAM[0m
[0;32mI (440) spi_flash: detected chip: generic[0m
[0;32mI (443) spi_flash: flash io: dio[0m
[0;33mW (447) spi_flash: Detected size(16384k) larger than the size in the binary image header(2048k). Using the size in the binary image header.[0m
[0;33mW (460) i2c: This driver is an old driver, please migrate your application code to adapt `driver/i2c_master.h`[0m
[0;32mI (472) main_task: Started on CPU0[0m
[0;32mI (476) main_task: Calling app_main()[0m
m5paper-[0;32mI (13) boot: ESP-IDF v5.3.2 2nd stage bootloader[0m
[0;32mI (13) boot: compile time Mar 12 2026 16:34:26[0m
[0;32mI (13) boot: Multicore bootloader[0m
[0;32mI (16) boot: chip revision: v3.0[0m
[0;32mI (20) boot.esp32: SPI Speed      : 40MHz[0m
[0;32mI (25) boot.esp32: SPI Mode       : DIO[0m
[0;32mI (29) boot.esp32: SPI Flash Size : 2MB[0m
[0;33mW (34) boot.esp32: PRO CPU has been reset by WDT.[0m
[0;33mW (39) boot.esp32: WDT reset info: PRO CPU PC=0x4008ed9c[0m
[0;33mW (45) boot.esp32: WDT reset info: APP CPU PC=0x400d3b66[0m
[0;32mI (51) boot: Enabling RNG early entropy source...[0m
[0;32mI (57) boot: Partition Table:[0m
[0;32mI (60) boot: ## Label            Usage          Type ST Offset   Length[0m
[0;32mI (67) boot:  0 nvs              WiFi data        01 02 00009000 00006000[0m
[0;32mI (75) boot:  1 phy_init         RF data          01 01 0000f000 00001000[0m
[0;32mI (82) boot:  2 factory          factory app      00 00 00010000 00100000[0m
[0;32mI (90) boot: End of partition table[0m
[0;32mI (94) esp_image: segment 0: paddr=00010020 vaddr=3f400020 size=1ff30h (130864) map[0m
[0;32mI (147) esp_image: segment 1: paddr=0002ff58 vaddr=3ffb0000 size=000c0h (   192) load[0m
[0;32mI (148) esp_image: segment 2: paddr=00030020 vaddr=400d0020 size=65774h (415604) map[0m
[0;32mI (296) esp_image: segment 3: paddr=0009579c vaddr=3ffb00c0 size=0257ch (  9596) load[0m
[0;32mI (299) esp_image: segment 4: paddr=00097d20 vaddr=40080000 size=0eeb8h ( 61112) load[0m
[0;32mI (333) boot: Loaded app from partition at offset 0x10000[0m
[0;32mI (333) boot: Disabling RNG early entropy source...[0m
[0;32mI (345) cpu_start: Multicore app[0m
[0;32mI (354) cpu_start: Pro cpu start user code[0m
[0;32mI (354) cpu_start: cpu freq: 160000000 Hz[0m
[0;32mI (354) app_init: Application information:[0m
[0;32mI (357) app_init: Project name:     tern_m5paper_rust_host[0m
[0;32mI (363) app_init: App version:      v0.3.1-21-gf117044-dirty[0m
[0;32mI (369) app_init: Compile time:     Mar 12 2026 16:34:18[0m
[0;32mI (375) app_init: ELF file SHA256:  0d587f0f6...[0m
[0;32mI (380) app_init: ESP-IDF:          v5.3.2[0m
[0;32mI (385) efuse_init: Min chip rev:     v0.0[0m
[0;32mI (390) efuse_init: Max chip rev:     v3.99 [0m
[0;32mI (395) efuse_init: Chip rev:         v3.0[0m
[0;32mI (400) heap_init: Initializing. RAM available for dynamic allocation:[0m
[0;32mI (407) heap_init: At 3FFAE6E0 len 00001920 (6 KiB): DRAM[0m
[0;32mI (413) heap_init: At 3FFB3B48 len 0002C4B8 (177 KiB): DRAM[0m
[0;32mI (419) heap_init: At 3FFE0440 len 00003AE0 (14 KiB): D/IRAM[0m
[0;32mI (425) heap_init: At 3FFE4350 len 0001BCB0 (111 KiB): D/IRAM[0m
[0;32mI (432) heap_init: At 4008EEB8 len 00011148 (68 KiB): IRAM[0m
[0;32mI (440) spi_flash: detected chip: generic[0m
[0;32mI (443) spi_flash: flash io: dio[0m
[0;33mW (447) spi_flash: Detected size(16384k) larger than the size in the binary image header(2048k). Using the size in the binary image header.[0m
[0;33mW (460) i2c: This driver is an old driver, please migrate your application code to adapt `driver/i2c_master.h`[0m
[0;32mI (472) main_task: Started on CPU0[0m
[0;32mI (476) main_task: Calling app_main()[0m
m5paper-[0;32mI (13) boot: ESP-IDF v5.3.2 2nd stage bootloader[0m
[0;32mI (13) boot: compile time Mar 12 2026 16:34:26[0m
[0;32mI (13) boot: Multicore bootloader[0m
[0;32mI (16) boot: chip revision: v3.0[0m
[0;32mI (20) boot.esp32: SPI Speed      : 40MHz[0m
[0;32mI (25) boot.esp32: SPI Mode       : DIO[0m
[0;32mI (29) boot.esp32: SPI Flash Size : 2MB[0m
[0;33mW (34) boot.esp32: PRO CPU has been reset by WDT.[0m
[0;33mW (39) boot.esp32: WDT reset info: PRO CPU PC=0x4008ed9c[0m
[0;33mW (45) boot.esp32: WDT reset info: APP CPU PC=0x400d3b66[0m
[0;32mI (51) boot: Enabling RNG early entropy source...[0m
[0;32mI (57) boot: Partition Table:[0m
[0;32mI (60) boot: ## Label            Usage          Type ST Offset   Length[0m
[0;32mI (67) boot:  0 nvs              WiFi data        01 02 00009000 00006000[0m
[0;32mI (75) boot:  1 phy_init         RF data          01 01 0000f000 00001000[0m
[0;32mI (82) boot:  2 factory          factory app      00 00 00010000 00100000[0m
[0;32mI (90) boot: End of partition table[0m
[0;32mI (94) esp_image: segment 0: paddr=00010020 vaddr=3f400020 size=1ff30h (130864) map[0m
[0;32mI (147) esp_image: segment 1: paddr=0002ff58 vaddr=3ffb0000 size=000c0h (   192) load[0m
[0;32mI (148) esp_image: segment 2: paddr=00030020 vaddr=400d0020 size=65774h (415604) map[0m
[0;32mI (296) esp_image: segment 3: paddr=0009579c vaddr=3ffb00c0 size=0257ch (  9596) load[0m
[0;32mI (299) esp_image: segment 4: paddr=00097d20 vaddr=40080000 size=0eeb8h ( 61112) load[0m
[0;32mI (333) boot: Loaded app from partition at offset 0x10000[0m
[0;32mI (333) boot: Disabling RNG early entropy source...[0m
[0;32mI (345) cpu_start: Multicore app[0m
[0;32mI (354) cpu_start: Pro cpu start user code[0m
[0;32mI (354) cpu_start: cpu freq: 160000000 Hz[0m
[0;32mI (354) app_init: Application information:[0m
[0;32mI (357) app_init: Project name:     tern_m5paper_rust_host[0m
[0;32mI (363) app_init: App version:      v0.3.1-21-gf117044-dirty[0m
[0;32mI (369) app_init: Compile time:     Mar 12 2026 16:34:18[0m
[0;32mI (375) app_init: ELF file SHA256:  0d587f0f6...[0m
[0;32mI (380) app_init: ESP-IDF:          v5.3.2[0m
[0;32mI (385) efuse_init: Min chip rev:     v0.0[0m
[0;32mI (390) efuse_init: Max chip rev:     v3.99 [0m
[0;32mI (395) efuse_init: Chip rev:         v3.0[0m
[0;32mI (400) heap_init: Initializing. RAM available for dynamic allocation:[0m
[0;32mI (407) heap_init: At 3FFAE6E0 len 00001920 (6 KiB): DRAM[0m
[0;32mI (413) heap_init: At 3FFB3B48 len 0002C4B8 (177 KiB): DRAM[0m
[0;32mI (419) heap_init: At 3FFE0440 len 00003AE0 (14 KiB): D/IRAM[0m
[0;32mI (425) heap_init: At 3FFE4350 len 0001BCB0 (111 KiB): D/IRAM[0m
[0;32mI (432) heap_init: At 4008EEB8 len 00011148 (68 KiB): IRAM[0m
[0;32mI (440) spi_flash: detected chip: generic[0m
[0;32mI (443) spi_flash: flash io: dio[0m
[0;33mW (447) spi_flash: Detected size(16384k) larger than the size in the binary image header(2048k). Using the size in the binary image header.[0m
[0;33mW (460) i2c: This driver is an old driver, please migrate your application code to adapt `driver/i2c_master.h`[0m
[0;32mI (472) main_task: Started on CPU0[0m
[0;32mI (476) main_task: Calling app_main()[0m
m5paper-[0;32mI (13) boot: ESP-IDF v5.3.2 2nd stage bootloader[0m
[0;32mI (13) boot: compile time Mar 12 2026 16:34:26[0m
[0;32mI (13) boot: Multicore bootloader[0m
[0;32mI (16) boot: chip revision: v3.0[0m
[0;32mI (20) boot.esp32: SPI Speed      : 40MHz[0m
[0;32mI (25) boot.esp32: SPI Mode       : DIO[0m
[0;32mI (29) boot.esp32: SPI Flash Size : 2MB[0m
[0;33mW (34) boot.esp32: PRO CPU has been reset by WDT.[0m
[0;33mW (39) boot.esp32: WDT reset info: PRO CPU PC=0x4008ed9c[0m
[0;33mW (45) boot.esp32: WDT reset info: APP CPU PC=0x400d3b66[0m
[0;32mI (51) boot: Enabling RNG early entropy source...[0m
[0;32mI (57) boot: Partition Table:[0m
[0;32mI (60) boot: ## Label            Usage          Type ST Offset   Length[0m
[0;32mI (67) boot:  0 nvs              WiFi data        01 02 00009000 00006000[0m
[0;32mI (75) boot:  1 phy_init         RF data          01 01 0000f000 00001000[0m
[0;32mI (82) boot:  2 factory          factory app      00 00 00010000 00100000[0m
[0;32mI (90) boot: End of partition table[0m
[0;32mI (94) esp_image: segment 0: paddr=00010020 vaddr=3f400020 size=1ff30h (130864) map[0m
[0;32mI (147) esp_image: segment 1: paddr=0002ff58 vaddr=3ffb0000 size=000c0h (   192) load[0m
[0;32mI (148) esp_image: segment 2: paddr=00030020 vaddr=400d0020 size=65774h (415604) map[0m
[0;32mI (296) esp_image: segment 3: paddr=0009579c vaddr=3ffb00c0 size=0257ch (  9596) load[0m
[0;32mI (299) esp_image: segment 4: paddr=00097d20 vaddr=40080000 size=0eeb8h ( 61112) load[0m
[0;32mI (333) boot: Loaded app from partition at offset 0x10000[0m
[0;32mI (333) boot: Disabling RNG early entropy source...[0m
[0;32mI (345) cpu_start: Multicore app[0m
[0;32mI (354) cpu_start: Pro cpu start user code[0m
[0;32mI (354) cpu_start: cpu freq: 160000000 Hz[0m
[0;32mI (354) app_init: Application information:[0m
[0;32mI (357) app_init: Project name:     tern_m5paper_rust_host[0m
[0;32mI (363) app_init: App version:      v0.3.1-21-gf117044-dirty[0m
[0;32mI (369) app_init: Compile time:     Mar 12 2026 16:34:18[0m
[0;32mI (375) app_init: ELF file SHA256:  0d587f0f6...[0m
[0;32mI (380) app_init: ESP-IDF:          v5.3.2[0m
[0;32mI (385) efuse_init: Min chip rev:     v0.0[0m
[0;32mI (390) efuse_init: Max chip rev:     v3.99 [0m
[0;32mI (395) efuse_init: Chip rev:         v3.0[0m
[0;32mI (400) heap_init: Initializing. RAM available for dynamic allocation:[0m
[0;32mI (407) heap_init: At 3FFAE6E0 len 00001920 (6 KiB): DRAM[0m
[0;32mI (413) heap_init: At 3FFB3B48 len 0002C4B8 (177 KiB): DRAM[0m
[0;32mI (419) heap_init: At 3FFE0440 len 00003AE0 (14 KiB): D/IRAM[0m
[0;32mI (425) heap_init: At 3FFE4350 len 0001BCB0 (111 KiB): D/IRAM[0m
[0;32mI (432) heap_init: At 4008EEB8 len 00011148 (68 KiB): IRAM[0m
[0;32mI (440) spi_flash: detected chip: generic[0m
[0;32mI (443) spi_flash: flash io: dio[0m
[0;33mW (447) spi_flash: Detected size(16384k) larger than the size in the binary image header(2048k). Using the size in the binary image header.[0m
[0;33mW (460) i2c: This driver is an old driver, please migrate your application code to adapt `driver/i2c_master.h`[0m
[0;32mI (472) main_task: Started on CPU0[0m
[0;32mI (476) main_task: Calling app_main()[0m
m5paper-[0;32mI (13) boot: ESP-IDF v5.3.2 2nd stage bootloader[0m
[0;32mI (13) boot: compile time Mar 12 2026 16:34:26[0m
[0;32mI (13) boot: Multicore bootloader[0m
[0;32mI (16) boot: chip revision: v3.0[0m
[0;32mI (20) boot.esp32: SPI Speed      : 40MHz[0m
[0;32mI (25) boot.esp32: SPI Mode       : DIO[0m
[0;32mI (29) boot.esp32: SPI Flash Size : 2MB[0m
[0;33mW (34) boot.esp32: PRO CPU has been reset by WDT.[0m
[0;33mW (39) boot.esp32: WDT reset info: PRO CPU PC=0x4008ed9c[0m
[0;33mW (45) boot.esp32: WDT reset info: APP CPU PC=0x400d3b66[0m
[0;32mI (51) boot: Enabling RNG early entropy source...[0m
[0;32mI (57) boot: Partition Table:[0m
[0;32mI (60) boot: ## Label            Usage          Type ST Offset   Length[0m
[0;32mI (67) boot:  0 nvs              WiFi data        01 02 00009000 00006000[0m
[0;32mI (75) boot:  1 phy_init         RF data          01 01 0000f000 00001000[0m
[0;32mI (82) boot:  2 factory          factory app      00 00 00010000 00100000[0m
[0;32mI (90) boot: End of partition table[0m
[0;32mI (94) esp_image: segment 0: paddr=00010020 vaddr=3f400020 size=1ff30h (130864) map[0m
[0;32mI (147) esp_image: segment 1: paddr=0002ff58 vaddr=3ffb0000 size=000c0h (   192) load[0m
[0;32mI (148) esp_image: segment 2: paddr=00030020 vaddr=400d0020 size=65774h (415604) map[0m
[0;32mI (296) esp_image: segment 3: paddr=0009579c vaddr=3ffb00c0 size=0257ch (  9596) load[0m
[0;32mI (299) esp_image: segment 4: paddr=00097d20 vaddr=40080000 size=0eeb8h ( 61112) load[0m
[0;32mI (333) boot: Loaded app from partition at offset 0x10000[0m
[0;32mI (333) boot: Disabling RNG early entropy source...[0m
[0;32mI (345) cpu_start: Multicore app[0m
[0;32mI (354) cpu_start: Pro cpu start user code[0m
[0;32mI (354) cpu_start: cpu freq: 160000000 Hz[0m
[0;32mI (354) app_init: Application information:[0m
[0;32mI (357) app_init: Project name:     tern_m5paper_rust_host[0m
[0;32mI (363) app_init: App version:      v0.3.1-21-gf117044-dirty[0m
[0;32mI (369) app_init: Compile time:     Mar 12 2026 16:34:18[0m
[0;32mI (375) app_init: ELF file SHA256:  0d587f0f6...[0m
[0;32mI (380) app_init: ESP-IDF:          v5.3.2[0m
[0;32mI (385) efuse_init: Min chip rev:     v0.0[0m
[0;32mI (390) efuse_init: Max chip rev:     v3.99 [0m
[0;32mI (395) efuse_init: Chip rev:         v3.0[0m
[0;32mI (400) heap_init: Initializing. RAM available for dynamic allocation:[0m
[0;32mI (407) heap_init: At 3FFAE6E0 len 00001920 (6 KiB): DRAM[0m
[0;32mI (413) heap_init: At 3FFB3B48 len 0002C4B8 (177 KiB): DRAM[0m
[0;32mI (419) heap_init: At 3FFE0440 len 00003AE0 (14 KiB): D/IRAM[0m
[0;32mI (425) heap_init: At 3FFE4350 len 0001BCB0 (111 KiB): D/IRAM[0m
[0;32mI (432) heap_init: At 4008EEB8 len 00011148 (68 KiB): IRAM[0m
[0;32mI (440) spi_flash: detected chip: generic[0m
[0;32mI (443) spi_flash: flash io: dio[0m
[0;33mW (447) spi_flash: Detected size(16384k) larger than the size in the binary image header(2048k). Using the size in the binary image header.[0m
[0;33mW (460) i2c: This driver is an old driver, please migrate your application code to adapt `driver/i2c_master.h`[0m
[0;32mI (472) main_task: Started on CPU0[0m
[0;32mI (476) main_task: Calling app_main()[0m
m5paper-[0;32mI (13) boot: ESP-IDF v5.3.2 2nd stage bootloader[0m
[0;32mI (13) boot: compile time Mar 12 2026 16:34:26[0m
[0;32mI (13) boot: Multicore bootloader[0m
[0;32mI (16) boot: chip revision: v3.0[0m
[0;32mI (20) boot.esp32: SPI Speed      : 40MHz[0m
[0;32mI (25) boot.esp32: SPI Mode       : DIO[0m
[0;32mI (29) boot.esp32: SPI Flash Size : 2MB[0m
[0;33mW (34) boot.esp32: PRO CPU has been reset by WDT.[0m
[0;33mW (39) boot.esp32: WDT reset info: PRO CPU PC=0x4008ed9c[0m
[0;33mW (45) boot.esp32: WDT reset info: APP CPU PC=0x400d3b66[0m
[0;32mI (51) boot: Enabling RNG early entropy source...[0m
[0;32mI (57) boot: Partition Table:[0m
[0;32mI (60) boot: ## Label            Usage          Type ST Offset   Length[0m
[0;32mI (67) boot:  0 nvs              WiFi data        01 02 00009000 00006000[0m
[0;32mI (75) boot:  1 phy_init         RF data          01 01 0000f000 00001000[0m
[0;32mI (82) boot:  2 factory          factory app      00 00 00010000 00100000[0m
[0;32mI (90) boot: End of partition table[0m
[0;32mI (94) esp_image: segment 0: paddr=00010020 vaddr=3f400020 size=1ff30h (130864) map[0m
[0;32mI (147) esp_image: segment 1: paddr=0002ff58 vaddr=3ffb0000 size=000c0h (   192) load[0m
[0;32mI (148) esp_image: segment 2: paddr=00030020 vaddr=400d0020 size=65774h (415604) map[0m
[0;32mI (296) esp_image: segment 3: paddr=0009579c vaddr=3ffb00c0 size=0257ch (  9596) load[0m
[0;32mI (299) esp_image: segment 4: paddr=00097d20 vaddr=40080000 size=0eeb8h ( 61112) load[0m
[0;32mI (333) boot: Loaded app from partition at offset 0x10000[0m
[0;32mI (333) boot: Disabling RNG early entropy source...[0m
[0;32mI (345) cpu_start: Multicore app[0m
[0;32mI (354) cpu_start: Pro cpu start user code[0m
[0;32mI (354) cpu_start: cpu freq: 160000000 Hz[0m
[0;32mI (354) app_init: Application information:[0m
[0;32mI (357) app_init: Project name:     tern_m5paper_rust_host[0m
[0;32mI (363) app_init: App version:      v0.3.1-21-gf117044-dirty[0m
[0;32mI (369) app_init: Compile time:     Mar 12 2026 16:34:18[0m
[0;32mI (375) app_init: ELF file SHA256:  0d587f0f6...[0m
[0;32mI (380) app_init: ESP-IDF:          v5.3.2[0m
[0;32mI (385) efuse_init: Min chip rev:     v0.0[0m
[0;32mI (390) efuse_init: Max chip rev:     v3.99 [0m
[0;32mI (395) efuse_init: Chip rev:         v3.0[0m
[0;32mI (400) heap_init: Initializing. RAM available for dynamic allocation:[0m
[0;32mI (407) heap_init: At 3FFAE6E0 len 00001920 (6 KiB): DRAM[0m
[0;32mI (413) heap_init: At 3FFB3B48 len 0002C4B8 (177 KiB): DRAM[0m
[0;32mI (419) heap_init: At 3FFE0440 len 00003AE0 (14 KiB): D/IRAM[0m
[0;32mI (425) heap_init: At 3FFE4350 len 0001BCB0 (111 KiB): D/IRAM[0m
[0;32mI (432) heap_init: At 4008EEB8 len 00011148 (68 KiB): IRAM[0m
[0;32mI (440) spi_flash: detected chip: generic[0m
[0;32mI (443) spi_flash: flash io: dio[0m
[0;33mW (447) spi_flash: Detected size(16384k) larger than the size in the binary image header(2048k). Using the size in the binary image header.[0m
[0;33mW (460) i2c: This driver is an old driver, please migrate your application code to adapt `driver/i2c_master.h`[0m
[0;32mI (472) main_task: Started on CPU0[0m
[0;32mI (476) main_task: Calling app_main()[0m
m5paper-[0;32mI (13) boot: ESP-IDF v5.3.2 2nd stage bootloader[0m
[0;32mI (13) boot: compile time Mar 12 2026 16:34:26[0m
[0;32mI (13) boot: Multicore bootloader[0m
[0;32mI (16) boot: chip revision: v3.0[0m
[0;32mI (20) boot.esp32: SPI Speed      : 40MHz[0m
[0;32mI (25) boot.esp32: SPI Mode       : DIO[0m
[0;32mI (29) boot.esp32: SPI Flash Size : 2MB[0m
[0;33mW (34) boot.esp32: PRO CPU has been reset by WDT.[0m
[0;33mW (39) boot.esp32: WDT reset info: PRO CPU PC=0x4008ed9c[0m
[0;33mW (45) boot.esp32: WDT reset info: APP CPU PC=0x400d3b66[0m
[0;32mI (51) boot: Enabling RNG early entropy source...[0m
[0;32mI (57) boot: Partition Table:[0m
[0;32mI (60) boot: ## Label            Usage          Type ST Offset   Length[0m
[0;32mI (67) boot:  0 nvs              WiFi data        01 02 00009000 00006000[0m
[0;32mI (75) boot:  1 phy_init         RF data          01 01 0000f000 00001000[0m
[0;32mI (82) boot:  2 factory          factory app      00 00 00010000 00100000[0m
[0;32mI (90) boot: End of partition table[0m
[0;32mI (94) esp_image: segment 0: paddr=00010020 vaddr=3f400020 size=1ff30h (130864) map[0m
[0;32mI (147) esp_image: segment 1: paddr=0002ff58 vaddr=3ffb0000 size=000c0h (   192) load[0m
[0;32mI (148) esp_image: segment 2: paddr=00030020 vaddr=400d0020 size=65774h (415604) map[0m
[0;32mI (296) esp_image: segment 3: paddr=0009579c vaddr=3ffb00c0 size=0257ch (  9596) load[0m
[0;32mI (299) esp_image: segment 4: paddr=00097d20 vaddr=40080000 size=0eeb8h ( 61112) load[0m
[0;32mI (333) boot: Loaded app from partition at offset 0x10000[0m
[0;32mI (333) boot: Disabling RNG early entropy source...[0m
[0;32mI (345) cpu_start: Multicore app[0m
[0;32mI (354) cpu_start: Pro cpu start user code[0m
[0;32mI (354) cpu_start: cpu freq: 160000000 Hz[0m
[0;32mI (354) app_init: Application information:[0m
[0;32mI (357) app_init: Project name:     tern_m5paper_rust_host[0m
[0;32mI (363) app_init: App version:      v0.3.1-21-gf117044-dirty[0m
[0;32mI (369) app_init: Compile time:     Mar 12 2026 16:34:18[0m
[0;32mI (375) app_init: ELF file SHA256:  0d587f0f6...[0m
[0;32mI (380) app_init: ESP-IDF:          v5.3.2[0m
[0;32mI (385) efuse_init: Min chip rev:     v0.0[0m
[0;32mI (390) efuse_init: Max chip rev:     v3.99 [0m
[0;32mI (395) efuse_init: Chip rev:         v3.0[0m
[0;32mI (400) heap_init: Initializing. RAM available for dynamic allocation:[0m
[0;32mI (407) heap_init: At 3FFAE6E0 len 00001920 (6 KiB): DRAM[0m
[0;32mI (413) heap_init: At 3FFB3B48 len 0002C4B8 (177 KiB): DRAM[0m
[0;32mI (419) heap_init: At 3FFE0440 len 00003AE0 (14 KiB): D/IRAM[0m
[0;32mI (425) heap_init: At 3FFE4350 len 0001BCB0 (111 KiB): D/IRAM[0m
[0;32mI (432) heap_init: At 4008EEB8 len 00011148 (68 KiB): IRAM[0m
[0;32mI (440) spi_flash: detected chip: generic[0m
[0;32mI (443) spi_flash: flash io: dio[0m
[0;33mW (447) spi_flash: Detected size(16384k) larger than the size in the binary image header(2048k). Using the size in the binary image header.[0m
[0;33mW (460) i2c: This driver is an old driver, please migrate your application code to adapt `driver/i2c_master.h`[0m
[0;32mI (472) main_task: Started on CPU0[0m
[0;32mI (476) main_task: Calling app_main()[0m
m5paper-[0;32mI (13) boot: ESP-IDF v5.3.2 2nd stage bootloader[0m
[0;32mI (13) boot: compile time Mar 12 2026 16:34:26[0m
[0;32mI (13) boot: Multicore bootloader[0m
[0;32mI (16) boot: chip revision: v3.0[0m
[0;32mI (20) boot.esp32: SPI Speed      : 40MHz[0m
[0;32mI (25) boot.esp32: SPI Mode       : DIO[0m
[0;32mI (29) boot.esp32: SPI Flash Size : 2MB[0m
[0;33mW (34) boot.esp32: PRO CPU has been reset by WDT.[0m
[0;33mW (39) boot.esp32: WDT reset info: PRO CPU PC=0x4008ed9c[0m
[0;33mW (45) boot.esp32: WDT reset info: APP CPU PC=0x400d3b66[0m
[0;32mI (51) boot: Enabling RNG early entropy source...[0m
[0;32mI (57) boot: Partition Table:[0m
[0;32mI (60) boot: ## Label            Usage          Type ST Offset   Length[0m
[0;32mI (67) boot:  0 nvs              WiFi data        01 02 00009000 00006000[0m
[0;32mI (75) boot:  1 phy_init         RF data          01 01 0000f000 00001000[0m
[0;32mI (82) boot:  2 factory          factory app      00 00 00010000 00100000[0m
[0;32mI (90) boot: End of partition table[0m
[0;32mI (94) esp_image: segment 0: paddr=00010020 vaddr=3f400020 size=1ff30h (130864) map[0m
[0;32mI (147) esp_image: segment 1: paddr=0002ff58 vaddr=3ffb0000 size=000c0h (   192) load[0m
[0;32mI (148) esp_image: segment 2: paddr=00030020 vaddr=400d0020 size=65774h (415604) map[0m
[0;32mI (296) esp_image: segment 3: paddr=0009579c vaddr=3ffb00c0 size=0257ch (  9596) load[0m
[0;32mI (299) esp_image: segment 4: paddr=00097d20 vaddr=40080000 size=0eeb8h ( 61112) load[0m
[0;32mI (333) boot: Loaded app from partition at offset 0x10000[0m
[0;32mI (333) boot: Disabling RNG early entropy source...[0m
[0;32mI (345) cpu_start: Multicore app[0m
[0;32mI (354) cpu_start: Pro cpu start user code[0m
[0;32mI (354) cpu_start: cpu freq: 160000000 Hz[0m
[0;32mI (354) app_init: Application information:[0m
[0;32mI (357) app_init: Project name:     tern_m5paper_rust_host[0m
[0;32mI (363) app_init: App version:      v0.3.1-21-gf117044-dirty[0m
[0;32mI (369) app_init: Compile time:     Mar 12 2026 16:34:18[0m
[0;32mI (375) app_init: ELF file SHA256:  0d587f0f6...[0m
[0;32mI (380) app_init: ESP-IDF:          v5.3.2[0m
[0;32mI (385) efuse_init: Min chip rev:     v0.0[0m
[0;32mI (390) efuse_init: Max chip rev:     v3.99 [0m
[0;32mI (395) efuse_init: Chip rev:         v3.0[0m
[0;32mI (400) heap_init: Initializing. RAM available for dynamic allocation:[0m
[0;32mI (407) heap_init: At 3FFAE6E0 len 00001920 (6 KiB): DRAM[0m
[0;32mI (413) heap_init: At 3FFB3B48 len 0002C4B8 (177 KiB): DRAM[0m
[0;32mI (419) heap_init: At 3FFE0440 len 00003AE0 (14 KiB): D/IRAM[0m
[0;32mI (425) heap_init: At 3FFE4350 len 0001BCB0 (111 KiB): D/IRAM[0m
[0;32mI (432) heap_init: At 4008EEB8 len 00011148 (68 KiB): IRAM[0m
[0;32mI (440) spi_flash: detected chip: generic[0m
[0;32mI (443) spi_flash: flash io: dio[0m
[0;33mW (447) spi_flash: Detected size(16384k) larger than the size in the binary image header(2048k). Using the size in the binary image header.[0m
[0;33mW (460) i2c: This driver is an old driver, please migrate your application code to adapt `driver/i2c_master.h`[0m
[0;32mI (472) main_task: Started on CPU0[0m
[0;32mI (476) main_task: Calling app_main()[0m
m5paper-[0;32mI (13) boot: ESP-IDF v5.3.2 2nd stage bootloader[0m
[0;32mI (13) boot: compile time Mar 12 2026 16:34:26[0m
[0;32mI (13) boot: Multicore bootloader[0m
[0;32mI (16) boot: chip revision: v3.0[0m
[0;32mI (20) boot.esp32: SPI Speed      : 40MHz[0m
[0;32mI (25) boot.esp32: SPI Mode       : DIO[0m
[0;32mI (29) boot.esp32: SPI Flash Size : 2MB[0m
[0;33mW (34) boot.esp32: PRO CPU has been reset by WDT.[0m
[0;33mW (39) boot.esp32: WDT reset info: PRO CPU PC=0x4008ed9c[0m
[0;33mW (45) boot.esp32: WDT reset info: APP CPU PC=0x400d3b66[0m
[0;32mI (51) boot: Enabling RNG early entropy source...[0m
[0;32mI (57) boot: Partition Table:[0m
[0;32mI (60) boot: ## Label            Usage          Type ST Offset   Length[0m
[0;32mI (67) boot:  0 nvs              WiFi data        01 02 00009000 00006000[0m
[0;32mI (75) boot:  1 phy_init         RF data          01 01 0000f000 00001000[0m
[0;32mI (82) boot:  2 factory          factory app      00 00 00010000 00100000[0m
[0;32mI (90) boot: End of partition table[0m
[0;32mI (94) esp_image: segment 0: paddr=00010020 vaddr=3f400020 size=1ff30h (130864) map[0m
[0;32mI (147) esp_image: segment 1: paddr=0002ff58 vaddr=3ffb0000 size=000c0h (   192) load[0m
[0;32mI (148) esp_image: segment 2: paddr=00030020 vaddr=400d0020 size=65774h (415604) map[0m
[0;32mI (296) esp_image: segment 3: paddr=0009579c vaddr=3ffb00c0 size=0257ch (  9596) load[0m
[0;32mI (299) esp_image: segment 4: paddr=00097d20 vaddr=40080000 size=0eeb8h ( 61112) load[0m
[0;32mI (333) boot: Loaded app from partition at offset 0x10000[0m
[0;32mI (333) boot: Disabling RNG early entropy source...[0m
[0;32mI (345) cpu_start: Multicore app[0m
[0;32mI (354) cpu_start: Pro cpu start user code[0m
[0;32mI (354) cpu_start: cpu freq: 160000000 Hz[0m
[0;32mI (354) app_init: Application information:[0m
[0;32mI (357) app_init: Project name:     tern_m5paper_rust_host[0m
[0;32mI (363) app_init: App version:      v0.3.1-21-gf117044-dirty[0m
[0;32mI (369) app_init: Compile time:     Mar 12 2026 16:34:18[0m
[0;32mI (375) app_init: ELF file SHA256:  0d587f0f6...[0m
[0;32mI (380) app_init: ESP-IDF:          v5.3.2[0m
[0;32mI (385) efuse_init: Min chip rev:     v0.0[0m
[0;32mI (390) efuse_init: Max chip rev:     v3.99 [0m
[0;32mI (395) efuse_init: Chip rev:         v3.0[0m
[0;32mI (400) heap_init: Initializing. RAM available for dynamic allocation:[0m
[0;32mI (407) heap_init: At 3FFAE6E0 len 00001920 (6 KiB): DRAM[0m
[0;32mI (413) heap_init: At 3FFB3B48 len 0002C4B8 (177 KiB): DRAM[0m
[0;32mI (419) heap_init: At 3FFE0440 len 00003AE0 (14 KiB): D/IRAM[0m
[0;32mI (425) heap_init: At 3FFE4350 len 0001BCB0 (111 KiB): D/IRAM[0m
[0;32mI (432) heap_init: At 4008EEB8 len 00011148 (68 KiB): IRAM[0m
[0;32mI (440) spi_flash: detected chip: generic[0m
[0;32mI (443) spi_flash: flash io: dio[0m
[0;33mW (447) spi_flash: Detected size(16384k) larger than the size in the binary image header(2048k). Using the size in the binary image header.[0m
[0;33mW (460) i2c: This driver is an old driver, please migrate your application code to adapt `driver/i2c_master.h`[0m
[0;32mI (472) main_task: Started on CPU0[0m
[0;32mI (476) main_task: Calling app_main()[0m
m5paper-[0;32mI (13) boot: ESP-IDF v5.3.2 2nd stage bootloader[0m
[0;32mI (13) boot: compile time Mar 12 2026 16:34:26[0m
[0;32mI (13) boot: Multicore bootloader[0m
[0;32mI (16) boot: chip revision: v3.0[0m
[0;32mI (20) boot.esp32: SPI Speed      : 40MHz[0m
[0;32mI (25) boot.esp32: SPI Mode       : DIO[0m
[0;32mI (29) boot.esp32: SPI Flash Size : 2MB[0m
[0;33mW (34) boot.esp32: PRO CPU has been reset by WDT.[0m
[0;33mW (39) boot.esp32: WDT reset info: PRO CPU PC=0x4008ed9c[0m
[0;33mW (45) boot.esp32: WDT reset info: APP CPU PC=0x400d3b66[0m
[0;32mI (51) boot: Enabling RNG early entropy source...[0m
[0;32mI (57) boot: Partition Table:[0m
[0;32mI (60) boot: ## Label            Usage          Type ST Offset   Length[0m
[0;32mI (67) boot:  0 nvs              WiFi data        01 02 00009000 00006000[0m
[0;32mI (75) boot:  1 phy_init         RF data          01 01 0000f000 00001000[0m
[0;32mI (82) boot:  2 factory          factory app      00 00 00010000 00100000[0m
[0;32mI (90) boot: End of partition table[0m
[0;32mI (94) esp_image: segment 0: paddr=00010020 vaddr=3f400020 size=1ff30h (130864) map[0m
[0;32mI (147) esp_image: segment 1: paddr=0002ff58 vaddr=3ffb0000 size=000c0h (   192) load[0m
[0;32mI (148) esp_image: segment 2: paddr=00030020 vaddr=400d0020 size=65774h (415604) map[0m
[0;32mI (296) esp_image: segment 3: paddr=0009579c vaddr=3ffb00c0 size=0257ch (  9596) load[0m
[0;32mI (299) esp_image: segment 4: paddr=00097d20 vaddr=40080000 size=0eeb8h ( 61112) load[0m
[0;32mI (333) boot: Loaded app from partition at offset 0x10000[0m
[0;32mI (333) boot: Disabling RNG early entropy source...[0m
[0;32mI (345) cpu_start: Multicore app[0m
[0;32mI (354) cpu_start: Pro cpu start user code[0m
[0;32mI (354) cpu_start: cpu freq: 160000000 Hz[0m
[0;32mI (354) app_init: Application information:[0m
[0;32mI (357) app_init: Project name:     tern_m5paper_rust_host[0m
[0;32mI (363) app_init: App version:      v0.3.1-21-gf117044-dirty[0m
[0;32mI (369) app_init: Compile time:     Mar 12 2026 16:34:18[0m
[0;32mI (375) app_init: ELF file SHA256:  0d587f0f6...[0m
[0;32mI (380) app_init: ESP-IDF:          v5.3.2[0m
[0;32mI (385) efuse_init: Min chip rev:     v0.0[0m
[0;32mI (390) efuse_init: Max chip rev:     v3.99 [0m
[0;32mI (395) efuse_init: Chip rev:         v3.0[0m
[0;32mI (400) heap_init: Initializing. RAM available for dynamic allocation:[0m
[0;32mI (407) heap_init: At 3FFAE6E0 len 00001920 (6 KiB): DRAM[0m
[0;32mI (413) heap_init: At 3FFB3B48 len 0002C4B8 (177 KiB): DRAM[0m
[0;32mI (419) heap_init: At 3FFE0440 len 00003AE0 (14 KiB): D/IRAM[0m
[0;32mI (425) heap_init: At 3FFE4350 len 0001BCB0 (111 KiB): D/IRAM[0m
[0;32mI (432) heap_init: At 4008EEB8 len 00011148 (68 KiB): IRAM[0m
[0;32mI (440) spi_flash: detected chip: generic[0m
[0;32mI (443) spi_flash: flash io: dio[0m
[0;33mW (447) spi_flash: Detected size(16384k) larger than the size in the binary image header(2048k). Using the size in the binary image header.[0m
[0;33mW (460) i2c: This driver is an old driver, please migrate your application code to adapt `driver/i2c_master.h`[0m
[0;32mI (472) main_task: Started on CPU0[0m
[0;32mI (476) main_task: Calling app_main()[0m
m5paper-[0;32mI (13) boot: ESP-IDF v5.3.2 2nd stage bootloader[0m
[0;32mI (13) boot: compile time Mar 12 2026 16:34:26[0m
[0;32mI (13) boot: Multicore bootloader[0m
[0;32mI (16) boot: chip revision: v3.0[0m
[0;32mI (20) boot.esp32: SPI Speed      : 40MHz[0m
[0;32mI (25) boot.esp32: SPI Mode       : DIO[0m
[0;32mI (29) boot.esp32: SPI Flash Size : 2MB[0m
[0;33mW (34) boot.esp32: PRO CPU has been reset by WDT.[0m
[0;33mW (39) boot.esp32: WDT reset info: PRO CPU PC=0x4008ed9c[0m
[0;33mW (45) boot.esp32: WDT reset info: APP CPU PC=0x400d3b66[0m
[0;32mI (51) boot: Enabling RNG early entropy source...[0m
[0;32mI (57) boot: Partition Table:[0m
[0;32mI (60) boot: ## Label            Usage          Type ST Offset   Length[0m
[0;32mI (67) boot:  0 nvs              WiFi data        01 02 00009000 00006000[0m
[0;32mI (75) boot:  1 phy_init         RF data          01 01 0000f000 00001000[0m
[0;32mI (82) boot:  2 factory          factory app      00 00 00010000 00100000[0m
[0;32mI (90) boot: End of partition table[0m
[0;32mI (94) esp_image: segment 0: paddr=00010020 vaddr=3f400020 size=1ff30h (130864) map[0m
[0;32mI (147) esp_image: segment 1: paddr=0002ff58 vaddr=3ffb0000 size=000c0h (   192) load[0m
[0;32mI (148) esp_image: segment 2: paddr=00030020 vaddr=400d0020 size=65774h (415604) map[0m
[0;32mI (296) esp_image: segment 3: paddr=0009579c vaddr=3ffb00c0 size=0257ch (  9596) load[0m
[0;32mI (299) esp_image: segment 4: paddr=00097d20 vaddr=40080000 size=0eeb8h ( 61112) load[0m
[0;32mI (333) boot: Loaded app from partition at offset 0x10000[0m
[0;32mI (333) boot: Disabling RNG early entropy source...[0m
[0;32mI (345) cpu_start: Multicore app[0m
[0;32mI (354) cpu_start: Pro cpu start user code[0m
[0;32mI (354) cpu_start: cpu freq: 160000000 Hz[0m
[0;32mI (354) app_init: Application information:[0m
[0;32mI (357) app_init: Project name:     tern_m5paper_rust_host[0m
[0;32mI (363) app_init: App version:      v0.3.1-21-gf117044-dirty[0m
[0;32mI (369) app_init: Compile time:     Mar 12 2026 16:34:18[0m
[0;32mI (375) app_init: ELF file SHA256:  0d587f0f6...[0m
[0;32mI (380) app_init: ESP-IDF:          v5.3.2[0m
[0;32mI (385) efuse_init: Min chip rev:     v0.0[0m
[0;32mI (390) efuse_init: Max chip rev:     v3.99 [0m
[0;32mI (395) efuse_init: Chip rev:         v3.0[0m
[0;32mI (400) heap_init: Initializing. RAM available for dynamic allocation:[0m
[0;32mI (407) heap_init: At 3FFAE6E0 len 00001920 (6 KiB): DRAM[0m
[0;32mI (413) heap_init: At 3FFB3B48 len 0002C4B8 (177 KiB): DRAM[0m
[0;32mI (419) heap_init: At 3FFE0440 len 00003AE0 (14 KiB): D/IRAM[0m
[0;32mI (425) heap_init: At 3FFE4350 len 0001BCB0 (111 KiB): D/IRAM[0m
[0;32mI (432) heap_init: At 4008EEB8 len 00011148 (68 KiB): IRAM[0m
[0;32mI (440) spi_flash: detected chip: generic[0m
[0;32mI (443) spi_flash: flash io: dio[0m
[0;33mW (447) spi_flash: Detected size(16384k) larger than the size in the binary image header(2048k). Using the size in the binary image header.[0m
[0;33mW (460) i2c: This driver is an old driver, please migrate your application code to adapt `driver/i2c_master.h`[0m
[0;32mI (472) main_task: Started on CPU0[0m
[0;32mI (476) main_task: Calling app_main()[0m
m5paper-[0;32mI (13) boot: ESP-IDF v5.3.2 2nd stage bootloader[0m
[0;32mI (13) boot: compile time Mar 12 2026 16:34:26[0m
[0;32mI (13) boot: Multicore bootloader[0m
[0;32mI (16) boot: chip revision: v3.0[0m
[0;32mI (20) boot.esp32: SPI Speed      : 40MHz[0m
[0;32mI (25) boot.esp32: SPI Mode       : DIO[0m
[0;32mI (29) boot.esp32: SPI Flash Size : 2MB[0m
[0;33mW (34) boot.esp32: PRO CPU has been reset by WDT.[0m
[0;33mW (39) boot.esp32: WDT reset info: PRO CPU PC=0x4008ed9c[0m
[0;33mW (45) boot.esp32: WDT reset info: APP CPU PC=0x400d3b66[0m
[0;32mI (51) boot: Enabling RNG early entropy source...[0m
[0;32mI (57) boot: Partition Table:[0m
[0;32mI (60) boot: ## Label            Usage          Type ST Offset   Length[0m
[0;32mI (67) boot:  0 nvs              WiFi data        01 02 00009000 00006000[0m
[0;32mI (75) boot:  1 phy_init         RF data          01 01 0000f000 00001000[0m
[0;32mI (82) boot:  2 factory          factory app      00 00 00010000 00100000[0m
[0;32mI (90) boot: End of partition table[0m
[0;32mI (94) esp_image: segment 0: paddr=00010020 vaddr=3f400020 size=1ff30h (130864) map[0m
[0;32mI (147) esp_image: segment 1: paddr=0002ff58 vaddr=3ffb0000 size=000c0h (   192) load[0m
[0;32mI (148) esp_image: segment 2: paddr=00030020 vaddr=400d0020 size=65774h (415604) map[0m
[0;32mI (296) esp_image: segment 3: paddr=0009579c vaddr=3ffb00c0 size=0257ch (  9596) load[0m
[0;32mI (299) esp_image: segment 4: paddr=00097d20 vaddr=40080000 size=0eeb8h ( 61112) load[0m
[0;32mI (333) boot: Loaded app from partition at offset 0x10000[0m
[0;32mI (333) boot: Disabling RNG early entropy source...[0m
[0;32mI (345) cpu_start: Multicore app[0m
[0;32mI (354) cpu_start: Pro cpu start user code[0m
[0;32mI (354) cpu_start: cpu freq: 160000000 Hz[0m
[0;32mI (354) app_init: Application information:[0m
[0;32mI (357) app_init: Project name:     tern_m5paper_rust_host[0m
[0;32mI (363) app_init: App version:      v0.3.1-21-gf117044-dirty[0m
[0;32mI (369) app_init: Compile time:     Mar 12 2026 16:34:18[0m
[0;32mI (375) app_init: ELF file SHA256:  0d587f0f6...[0m
[0;32mI (380) app_init: ESP-IDF:          v5.3.2[0m
[0;32mI (385) efuse_init: Min chip rev:     v0.0[0m
[0;32mI (390) efuse_init: Max chip rev:     v3.99 [0m
[0;32mI (395) efuse_init: Chip rev:         v3.0[0m
[0;32mI (400) heap_init: Initializing. RAM available for dynamic allocation:[0m
[0;32mI (407) heap_init: At 3FFAE6E0 len 00001920 (6 KiB): DRAM[0m
[0;32mI (413) heap_init: At 3FFB3B48 len 0002C4B8 (177 KiB): DRAM[0m
[0;32mI (419) heap_init: At 3FFE0440 len 00003AE0 (14 KiB): D/IRAM[0m
[0;32mI (425) heap_init: At 3FFE4350 len 0001BCB0 (111 KiB): D/IRAM[0m
[0;32mI (432) heap_init: At 4008EEB8 len 00011148 (68 KiB): IRAM[0m
[0;32mI (440) spi_flash: detected chip: generic[0m
[0;32mI (443) spi_flash: flash io: dio[0m
[0;33mW (447) spi_flash: Detected size(16384k) larger than the size in the binary image header(2048k). Using the size in the binary image header.[0m
[0;33mW (460) i2c: This driver is an old driver, please migrate your application code to adapt `driver/i2c_master.h`[0m
[0;32mI (472) main_task: Started on CPU0[0m
[0;32mI (476) main_task: Calling app_main()[0m
m5paper-[0;32mI (13) boot: ESP-IDF v5.3.2 2nd stage bootloader[0m
[0;32mI (13) boot: compile time Mar 12 2026 16:34:26[0m
[0;32mI (13) boot: Multicore bootloader[0m
[0;32mI (16) boot: chip revision: v3.0[0m
[0;32mI (20) boot.esp32: SPI Speed      : 40MHz[0m
[0;32mI (25) boot.esp32: SPI Mode       : DIO[0m
[0;32mI (29) boot.esp32: SPI Flash Size : 2MB[0m
[0;33mW (34) boot.esp32: PRO CPU has been reset by WDT.[0m
[0;33mW (39) boot.esp32: WDT reset info: PRO CPU PC=0x4008ed9c[0m
[0;33mW (45) boot.esp32: WDT reset info: APP CPU PC=0x400d3b66[0m
[0;32mI (51) boot: Enabling RNG early entropy source...[0m
[0;32mI (57) boot: Partition Table:[0m
[0;32mI (60) boot: ## Label            Usage          Type ST Offset   Length[0m
[0;32mI (67) boot:  0 nvs              WiFi data        01 02 00009000 00006000[0m
[0;32mI (75) boot:  1 phy_init         RF data          01 01 0000f000 00001000[0m
[0;32mI (82) boot:  2 factory          factory app      00 00 00010000 00100000[0m
[0;32mI (90) boot: End of partition table[0m
[0;32mI (94) esp_image: segment 0: paddr=00010020 vaddr=3f400020 size=1ff30h (130864) map[0m
[0;32mI (147) esp_image: segment 1: paddr=0002ff58 vaddr=3ffb0000 size=000c0h (   192) load[0m
[0;32mI (148) esp_image: segment 2: paddr=00030020 vaddr=400d0020 size=65774h (415604) map[0m
[0;32mI (296) esp_image: segment 3: paddr=0009579c vaddr=3ffb00c0 size=0257ch (  9596) load[0m
[0;32mI (299) esp_image: segment 4: paddr=00097d20 vaddr=40080000 size=0eeb8h ( 61112) load[0m
[0;32mI (333) boot: Loaded app from partition at offset 0x10000[0m
[0;32mI (333) boot: Disabling RNG early entropy source...[0m
[0;32mI (345) cpu_start: Multicore app[0m
[0;32mI (354) cpu_start: Pro cpu start user code[0m
[0;32mI (354) cpu_start: cpu freq: 160000000 Hz[0m
[0;32mI (354) app_init: Application information:[0m
[0;32mI (357) app_init: Project name:     tern_m5paper_rust_host[0m
[0;32mI (363) app_init: App version:      v0.3.1-21-gf117044-dirty[0m
[0;32mI (369) app_init: Compile time:     Mar 12 2026 16:34:18[0m
[0;32mI (375) app_init: ELF file SHA256:  0d587f0f6...[0m
[0;32mI (380) app_init: ESP-IDF:          v5.3.2[0m
[0;32mI (385) efuse_init: Min chip rev:     v0.0[0m
[0;32mI (390) efuse_init: Max chip rev:     v3.99 [0m
[0;32mI (395) efuse_init: Chip rev:         v3.0[0m
[0;32mI (400) heap_init: Initializing. RAM available for dynamic allocation:[0m
[0;32mI (407) heap_init: At 3FFAE6E0 len 00001920 (6 KiB): DRAM[0m
[0;32mI (413) heap_init: At 3FFB3B48 len 0002C4B8 (177 KiB): DRAM[0m
[0;32mI (419) heap_init: At 3FFE0440 len 00003AE0 (14 KiB): D/IRAM[0m
[0;32mI (425) heap_init: At 3FFE4350 len 0001BCB0 (111 KiB): D/IRAM[0m
[0;32mI (432) heap_init: At 4008EEB8 len 00011148 (68 KiB): IRAM[0m
[0;32mI (440) spi_flash: detected chip: generic[0m
[0;32mI (443) spi_flash: flash io: dio[0m
[0;33mW (447) spi_flash: Detected size(16384k) larger than the size in the binary image header(2048k). Using the size in the binary image header.[0m
[0;33mW (460) i2c: This driver is an old driver, please migrate your application code to adapt `driver/i2c_master.h`[0m
[0;32mI (472) main_task: Started on CPU0[0m
[0;32mI (476) main_task: Calling app_main()[0m
m5paper-[0;32mI (13) boot: ESP-IDF v5.3.2 2nd stage bootloader[0m
[0;32mI (13) boot: compile time Mar 12 2026 16:34:26[0m
[0;32mI (13) boot: Multicore bootloader[0m
[0;32mI (16) boot: chip revision: v3.0[0m
[0;32mI (20) boot.esp32: SPI Speed      : 40MHz[0m
[0;32mI (25) boot.esp32: SPI Mode       : DIO[0m
[0;32mI (29) boot.esp32: SPI Flash Size : 2MB[0m
[0;33mW (34) boot.esp32: PRO CPU has been reset by WDT.[0m
[0;33mW (39) boot.esp32: WDT reset info: PRO CPU PC=0x4008ed9c[0m
[0;33mW (45) boot.esp32: WDT reset info: APP CPU PC=0x400d3b66[0m
[0;32mI (51) boot: Enabling RNG early entropy source...[0m
[0;32mI (57) boot: Partition Table:[0m
[0;32mI (60) boot: ## Label            Usage          Type ST Offset   Length[0m
[0;32mI (67) boot:  0 nvs              WiFi data        01 02 00009000 00006000[0m
